Archive member included to satisfy reference by file (symbol)

C:/Program Files/SEGGER/SEGGER Embedded Studio for ARM 4.50/lib/libc_v7em_fpv4_sp_d16_hard_t_le_eabi.a(libc2.o)
                              Output/gpiote_pca10040 Debug/Obj/nrf_log_str_formatter.o (isprint)
C:/Program Files/SEGGER/SEGGER Embedded Studio for ARM 4.50/lib/libc_v7em_fpv4_sp_d16_hard_t_le_eabi.a(libc2_asm.o)
                              Output/gpiote_pca10040 Debug/Obj/nrf_log_frontend.o (memcpy)
C:/Program Files/SEGGER/SEGGER Embedded Studio for ARM 4.50/lib/libc_v7em_fpv4_sp_d16_hard_t_le_eabi.a(libc.o)
                              C:/Program Files/SEGGER/SEGGER Embedded Studio for ARM 4.50/lib/libc_v7em_fpv4_sp_d16_hard_t_le_eabi.a(libc2.o) (__heap_lock)
C:/Program Files/SEGGER/SEGGER Embedded Studio for ARM 4.50/lib/libc_v7em_fpv4_sp_d16_hard_t_le_eabi.a(libc_asm.o)
                              C:/Program Files/SEGGER/SEGGER Embedded Studio for ARM 4.50/lib/libc_v7em_fpv4_sp_d16_hard_t_le_eabi.a(libc2.o) (__aeabi_uldivmod)
C:/Program Files/SEGGER/SEGGER Embedded Studio for ARM 4.50/lib/libdebugio_v7em_fpv4_sp_d16_hard_t_le_eabi.a(libdebugio.o)
                              Output/gpiote_pca10040 Debug/Obj/thumb_crt0.o (debug_fopen)
C:/Program Files/SEGGER/SEGGER Embedded Studio for ARM 4.50/lib/libdebugio_mempoll_v7em_fpv4_sp_d16_hard_t_le_eabi.a(mempoll_debug_operations.o)
                              C:/Program Files/SEGGER/SEGGER Embedded Studio for ARM 4.50/lib/libdebugio_v7em_fpv4_sp_d16_hard_t_le_eabi.a(libdebugio.o) (__do_debug_operation)
C:/Program Files/SEGGER/SEGGER Embedded Studio for ARM 4.50/lib/libdebugio_mempoll_v7em_fpv4_sp_d16_hard_t_le_eabi.a(do_nv_debug_operation.o)
                              C:/Program Files/SEGGER/SEGGER Embedded Studio for ARM 4.50/lib/libdebugio_v7em_fpv4_sp_d16_hard_t_le_eabi.a(libdebugio.o) (__do_nvdebug_operation)
C:/Program Files/SEGGER/SEGGER Embedded Studio for ARM 4.50/lib/libm_v7em_fpv4_sp_d16_hard_t_le_eabi.a(libm_asm.o)
                              C:/Program Files/SEGGER/SEGGER Embedded Studio for ARM 4.50/lib/libc_v7em_fpv4_sp_d16_hard_t_le_eabi.a(libc2.o) (__aeabi_dadd)
C:/Program Files/SEGGER/SEGGER Embedded Studio for ARM 4.50/lib/libm_v7em_fpv4_sp_d16_hard_t_le_eabi.a(libm2.o)
                              C:/Program Files/SEGGER/SEGGER Embedded Studio for ARM 4.50/lib/libvfprintf_v7em_fpv4_sp_d16_hard_t_le_eabi.o (frexp)

Discarded input sections

 .text          0x0000000000000000        0x0 Output/gpiote_pca10040 Debug/Obj/thumb_crt0.o
 .data          0x0000000000000000        0x0 Output/gpiote_pca10040 Debug/Obj/thumb_crt0.o
 .bss           0x0000000000000000        0x0 Output/gpiote_pca10040 Debug/Obj/thumb_crt0.o
 .text.__aeabi_read_tp
                0x0000000000000000        0x8 Output/gpiote_pca10040 Debug/Obj/thumb_crt0.o
 .text.abort    0x0000000000000000        0x2 Output/gpiote_pca10040 Debug/Obj/thumb_crt0.o
 .text.__assert
                0x0000000000000000        0x2 Output/gpiote_pca10040 Debug/Obj/thumb_crt0.o
 .text.__aeabi_assert
                0x0000000000000000        0x2 Output/gpiote_pca10040 Debug/Obj/thumb_crt0.o
 .text.__sync_synchronize
                0x0000000000000000        0x2 Output/gpiote_pca10040 Debug/Obj/thumb_crt0.o
 .text.__getchar
                0x0000000000000000        0x4 Output/gpiote_pca10040 Debug/Obj/thumb_crt0.o
 .text.__putchar
                0x0000000000000000        0x4 Output/gpiote_pca10040 Debug/Obj/thumb_crt0.o
 .text.__open   0x0000000000000000        0x4 Output/gpiote_pca10040 Debug/Obj/thumb_crt0.o
 .text.__close  0x0000000000000000        0x4 Output/gpiote_pca10040 Debug/Obj/thumb_crt0.o
 .text.__write  0x0000000000000000        0xa Output/gpiote_pca10040 Debug/Obj/thumb_crt0.o
 .text.__read   0x0000000000000000        0xa Output/gpiote_pca10040 Debug/Obj/thumb_crt0.o
 .text.__seek   0x0000000000000000       0x1a Output/gpiote_pca10040 Debug/Obj/thumb_crt0.o
 .bss.__user_locale_name_buffer
                0x0000000000000000        0x4 Output/gpiote_pca10040 Debug/Obj/thumb_crt0.o
 .stack         0x0000000000000000        0x0 Output/gpiote_pca10040 Debug/Obj/thumb_crt0.o
 .stack_process
                0x0000000000000000        0x0 Output/gpiote_pca10040 Debug/Obj/thumb_crt0.o
 .heap          0x0000000000000000        0x0 Output/gpiote_pca10040 Debug/Obj/thumb_crt0.o
 .group         0x0000000000000000        0xc Output/gpiote_pca10040 Debug/Obj/nrf_log_frontend.o
 .group         0x0000000000000000        0xc Output/gpiote_pca10040 Debug/Obj/nrf_log_frontend.o
 .group         0x0000000000000000        0xc Output/gpiote_pca10040 Debug/Obj/nrf_log_frontend.o
 .group         0x0000000000000000        0xc Output/gpiote_pca10040 Debug/Obj/nrf_log_frontend.o
 .group         0x0000000000000000        0xc Output/gpiote_pca10040 Debug/Obj/nrf_log_frontend.o
 .group         0x0000000000000000        0xc Output/gpiote_pca10040 Debug/Obj/nrf_log_frontend.o
[...]
Memory Configuration

Name             Origin             Length             Attributes
UNPLACED_SECTIONS 0x0000000100000000 0x0000000000000000 xw
RAM              0x0000000020000000 0x0000000000010000 xw
FLASH            0x0000000000000000 0x0000000000080000 xw
*default*        0x0000000000000000 0xffffffffffffffff

Linker script and memory map

                0x0000000000000000                __vfprintf = __vfprintf_long
                0x0000000000000000                __vfscanf = __vfscanf_long
                0x0000000020000000                __RAM_segment_start__ = 0x20000000
                0x0000000020010000                __RAM_segment_end__ = 0x20010000
                0x0000000000010000                __RAM_segment_size__ = 0x10000
                0x0000000000000000                __FLASH_segment_start__ = 0x0
                0x0000000000080000                __FLASH_segment_end__ = 0x80000
                0x0000000000080000                __FLASH_segment_size__ = 0x80000
                0x0000000000002000                __HEAPSIZE__ = 0x2000
                0x0000000000000000                __STACKSIZE_PROCESS__ = 0x0
                0x0000000000002000                __STACKSIZE__ = 0x2000
                0x0000000020000000                __vectors_ram_load_start__ = 0x20000000

.vectors_ram    0x0000000020000000        0x0
                0x0000000020000000                __vectors_ram_start__ = .
                0x0000000020000000                __app_ram_start__ = __vectors_ram_start__
 *(.vectors_ram .vectors_ram.*)
                0x0000000020000000                __vectors_ram_end__ = (__vectors_ram_start__ + SIZEOF (.vectors_ram))
                0x0000000000000000                __vectors_ram_size__ = SIZEOF (.vectors_ram)
                0x0000000020000000                __vectors_ram_load_end__ = __vectors_ram_end__
                0x0000000000000001                . = ASSERT (((__vectors_ram_start__ == __vectors_ram_end__) || ((__vectors_ram_end__ - __RAM_segment_start__) <= __RAM_segment_size__)), error: .vectors_ram is too large to fit in RAM memory segment)
                0x0000000020000000                __nrf_sections_run_load_start__ = ALIGN (__vectors_ram_end__, 0x4)

.nrf_sections_run
                0x0000000020000000        0x0
                0x0000000020000000                __nrf_sections_run_start__ = .
                0x0000000020000000                __start_nrf_sections_run = __nrf_sections_run_start__
 *(.nrf_sections_run .nrf_sections_run.*)
                0x0000000020000000                __nrf_sections_run_end__ = (__nrf_sections_run_start__ + SIZEOF (.nrf_sections_run))
                0x0000000000000000                __nrf_sections_run_size__ = SIZEOF (.nrf_sections_run)
                0x0000000020000000                __nrf_sections_run_load_end__ = __nrf_sections_run_end__
                0x0000000000000001                . = ASSERT (((__nrf_sections_run_start__ == __nrf_sections_run_end__) || ((__nrf_sections_run_end__ - __RAM_segment_start__) <= __RAM_segment_size__)), error: .nrf_sections_run is too large to fit in RAM memory segment)
                0x0000000000000000                __vectors_load_start__ = 0x0

.vectors        0x0000000000000000      0x200
                0x0000000000000000                __vectors_start__ = .
 *(.vectors .vectors.*)
 .vectors       0x0000000000000000      0x200 Output/gpiote_pca10040 Debug/Obj/ses_startup_nrf52.o
                0x0000000000000000                _vectors
                0x0000000000000200                __vectors_end__ = (__vectors_start__ + SIZEOF (.vectors))
                0x0000000000000200                __vectors_size__ = SIZEOF (.vectors)
                0x0000000000000200                __vectors_load_end__ = __vectors_end__
                0x0000000000000001                . = ASSERT (((__vectors_start__ == __vectors_end__) || ((__vectors_end__ - __FLASH_segment_start__) <= __FLASH_segment_size__)), error: .vectors is too large to fit in FLASH memory segment)
                0x0000000000000200                __init_load_start__ = ALIGN (__vectors_end__, 0x4)

.init           0x0000000000000200      0x1d0
                0x0000000000000200                __init_start__ = .
 *(.init .init.*)
 .init          0x0000000000000200      0x15c Output/gpiote_pca10040 Debug/Obj/thumb_crt0.o
                0x0000000000000200                _start
                0x00000000000002b4                exit
 .init          0x000000000000035c       0x18 Output/gpiote_pca10040 Debug/Obj/ses_startup_nrf52.o
                0x000000000000035c                NMI_Handler
                0x000000000000035e                HardFault_Handler
                0x0000000000000360                MemoryManagement_Handler
                0x0000000000000362                BusFault_Handler
                0x0000000000000364                UsageFault_Handler
                0x0000000000000366                SVC_Handler
                0x0000000000000368                DebugMon_Handler
                0x000000000000036a                PendSV_Handler
                0x000000000000036c                SysTick_Handler
                0x000000000000036e                PDM_IRQHandler
                0x000000000000036e                TIMER3_IRQHandler
                0x000000000000036e                FPU_IRQHandler
                0x000000000000036e                SWI2_EGU2_IRQHandler
                0x000000000000036e                QDEC_IRQHandler
                0x000000000000036e                RADIO_IRQHandler
                0x000000000000036e                UARTE0_UART0_IRQHandler
                0x000000000000036e                TIMER4_IRQHandler
                0x000000000000036e                I2S_IRQHandler
                0x000000000000036e                SWI4_EGU4_IRQHandler
                0x000000000000036e                TIMER0_IRQHandler
                0x000000000000036e                Dummy_Handler
                0x000000000000036e                TIMER1_IRQHandler
                0x000000000000036e                ECB_IRQHandler
                0x000000000000036e                SPIM1_SPIS1_TWIM1_TWIS1_SPI1_TWI1_IRQHandler
                0x000000000000036e                CCM_AAR_IRQHandler
                0x000000000000036e                WDT_IRQHandler
                0x000000000000036e                SPIM0_SPIS0_TWIM0_TWIS0_SPI0_TWI0_IRQHandler
                0x000000000000036e                SWI5_EGU5_IRQHandler
                0x000000000000036e                RNG_IRQHandler
                0x000000000000036e                RTC2_IRQHandler
                0x000000000000036e                SWI3_EGU3_IRQHandler
                0x000000000000036e                SWI1_EGU1_IRQHandler
                0x000000000000036e                SPIM2_SPIS2_SPI2_IRQHandler
                0x000000000000036e                NFCT_IRQHandler
                0x000000000000036e                TIMER2_IRQHandler
                0x000000000000036e                MWU_IRQHandler
                0x000000000000036e                COMP_LPCOMP_IRQHandler
                0x0000000000000370                nRFInitialize
 .init          0x0000000000000374       0x5c Output/gpiote_pca10040 Debug/Obj/ses_startup_nrf_common.o
                0x0000000000000374                Reset_Handler
                0x0000000000000378                afterInitialize
                0x000000000000039c                InitializeUserMemorySections
                0x00000000000003d0                __init_end__ = (__init_start__ + SIZEOF (.init))
                0x00000000000001d0                __init_size__ = SIZEOF (.init)
                0x00000000000003d0                __init_load_end__ = __init_end__
                0x0000000000000001                . = ASSERT (((__init_start__ == __init_end__) || ((__init_end__ - __FLASH_segment_start__) <= __FLASH_segment_size__)), error: .init is too large to fit in FLASH memory segment)
                0x00000000000003d0                __init_rodata_load_start__ = ALIGN (__init_end__, 0x4)

.init_rodata    0x00000000000003d0        0x0
                0x00000000000003d0                __init_rodata_start__ = .
 *(.init_rodata .init_rodata.*)
                0x00000000000003d0                __init_rodata_end__ = (__init_rodata_start__ + SIZEOF (.init_rodata))
                0x0000000000000000                __init_rodata_size__ = SIZEOF (.init_rodata)
                0x00000000000003d0                __init_rodata_load_end__ = __init_rodata_end__
                0x0000000000000001                . = ASSERT (((__init_rodata_start__ == __init_rodata_end__) || ((__init_rodata_end__ - __FLASH_segment_start__) <= __FLASH_segment_size__)), error: .init_rodata is too large to fit in FLASH memory segment)
                0x00000000000003d0                __text_load_start__ = ALIGN (__init_rodata_end__, 0x4)

.text           0x00000000000003d0     0x731e
                0x00000000000003d0                __text_start__ = .
 *(.text .text.* .glue_7t .glue_7 .gnu.linkonce.t.* .gcc_except_table .ARM.extab* .gnu.linkonce.armextab.*)
 .glue_7        0x00000000000003d0        0x0 linker stubs
 .glue_7t       0x00000000000003d0        0x0 linker stubs
 .text.nrf_log_backend_put
                0x00000000000003d0       0x1c Output/gpiote_pca10040 Debug/Obj/nrf_log_frontend.o
 .text.nrf_log_backend_panic_set
                0x00000000000003ec       0x18 Output/gpiote_pca10040 Debug/Obj/nrf_log_frontend.o
 .text.nrf_log_backend_flush
                0x0000000000000404       0x18 Output/gpiote_pca10040 Debug/Obj/nrf_log_frontend.o
 .text.nrf_log_backend_id_set
                0x000000000000041c       0x1a Output/gpiote_pca10040 Debug/Obj/nrf_log_frontend.o
 .text.nrf_log_backend_id_get
                0x0000000000000436       0x10 Output/gpiote_pca10040 Debug/Obj/nrf_log_frontend.o
 .text.nrf_log_backend_enable
                0x0000000000000446       0x12 Output/gpiote_pca10040 Debug/Obj/nrf_log_frontend.o
 .text.nrf_log_backend_is_enabled
                0x0000000000000458       0x10 Output/gpiote_pca10040 Debug/Obj/nrf_log_frontend.o
 .text.nrf_log_init
                0x0000000000000468       0x74 Output/gpiote_pca10040 Debug/Obj/nrf_log_frontend.o
                0x0000000000000468                nrf_log_init
 .text.nrf_log_module_cnt_get
                0x00000000000004dc       0x14 Output/gpiote_pca10040 Debug/Obj/nrf_log_frontend.o
                0x00000000000004dc                nrf_log_module_cnt_get
 .text.module_idx_get
                0x00000000000004f0       0x64 Output/gpiote_pca10040 Debug/Obj/nrf_log_frontend.o
 .text.nrf_log_module_name_get
                0x0000000000000554       0x40 Output/gpiote_pca10040 Debug/Obj/nrf_log_frontend.o
                0x0000000000000554                nrf_log_module_name_get
 .text.nrf_log_color_id_get
                0x0000000000000594       0x70 Output/gpiote_pca10040 Debug/Obj/nrf_log_frontend.o
                0x0000000000000594                nrf_log_color_id_get
 .text.invalid_packets_omit
                0x0000000000000604       0x6e Output/gpiote_pca10040 Debug/Obj/nrf_log_frontend.o
 *fill*         0x0000000000000672        0x2 
 .text.log_skip
                0x0000000000000674      0x114 Output/gpiote_pca10040 Debug/Obj/nrf_log_frontend.o
 .text.dropped_sat16_get
                0x0000000000000788       0x28 Output/gpiote_pca10040 Debug/Obj/nrf_log_frontend.o
 .text.std_header_set
                0x00000000000007b0       0xb4 Output/gpiote_pca10040 Debug/Obj/nrf_log_frontend.o
 .text.buf_prealloc
                0x0000000000000864      0x124 Output/gpiote_pca10040 Debug/Obj/nrf_log_frontend.o
 .text.std_n    0x0000000000000988       0x90 Output/gpiote_pca10040 Debug/Obj/nrf_log_frontend.o
 .text.nrf_log_frontend_std_0
                0x0000000000000a18       0x1c Output/gpiote_pca10040 Debug/Obj/nrf_log_frontend.o
                0x0000000000000a18                nrf_log_frontend_std_0
 .text.nrf_log_frontend_std_1
                0x0000000000000a34       0x22 Output/gpiote_pca10040 Debug/Obj/nrf_log_frontend.o
                0x0000000000000a34                nrf_log_frontend_std_1
 .text.nrf_log_frontend_std_2
                0x0000000000000a56       0x28 Output/gpiote_pca10040 Debug/Obj/nrf_log_frontend.o
                0x0000000000000a56                nrf_log_frontend_std_2
 .text.nrf_log_frontend_std_5
                0x0000000000000a7e       0x34 Output/gpiote_pca10040 Debug/Obj/nrf_log_frontend.o
                0x0000000000000a7e                nrf_log_frontend_std_5
 *fill*         0x0000000000000ab2        0x2 
 .text.buffer_is_empty
                0x0000000000000ab4       0x1c Output/gpiote_pca10040 Debug/Obj/nrf_log_frontend.o
                0x0000000000000ab4                buffer_is_empty
 .text.nrf_log_frontend_dequeue
                0x0000000000000ad0      0x39c Output/gpiote_pca10040 Debug/Obj/nrf_log_frontend.o
                0x0000000000000ad0                nrf_log_frontend_dequeue
 .text.backend_id_assign
                0x0000000000000e6c       0x68 Output/gpiote_pca10040 Debug/Obj/nrf_log_frontend.o
 .text.nrf_log_backend_add
                0x0000000000000ed4       0x70 Output/gpiote_pca10040 Debug/Obj/nrf_log_frontend.o
                0x0000000000000ed4                nrf_log_backend_add
 .text.nrf_log_panic
                0x0000000000000f44       0x40 Output/gpiote_pca10040 Debug/Obj/nrf_log_frontend.o
                0x0000000000000f44                nrf_log_panic
 .text.nrf_log_backend_enable
                0x0000000000000f84       0x12 Output/gpiote_pca10040 Debug/Obj/nrf_log_default_backends.o
 *fill*         0x0000000000000f96        0x2 
 .text.nrf_log_default_backends_init
                0x0000000000000f98       0x3c Output/gpiote_pca10040 Debug/Obj/nrf_log_default_backends.o
                0x0000000000000f98                nrf_log_default_backends_init
 .text.nrfx_coredep_delay_us
                0x0000000000000fd4       0x30 Output/gpiote_pca10040 Debug/Obj/nrf_log_backend_rtt.o
 .text.nrf_delay_ms
                0x0000000000001004       0x2a Output/gpiote_pca10040 Debug/Obj/nrf_log_backend_rtt.o
 .text.nrf_log_backend_rtt_init
                0x000000000000102e        0xa Output/gpiote_pca10040 Debug/Obj/nrf_log_backend_rtt.o
                0x000000000000102e                nrf_log_backend_rtt_init
 .text.serial_tx
                0x0000000000001038       0x84 Output/gpiote_pca10040 Debug/Obj/nrf_log_backend_rtt.o
 .text.nrf_log_backend_rtt_put
                0x00000000000010bc       0x28 Output/gpiote_pca10040 Debug/Obj/nrf_log_backend_rtt.o
 .text.nrf_log_backend_rtt_flush
                0x00000000000010e4        0xa Output/gpiote_pca10040 Debug/Obj/nrf_log_backend_rtt.o
 .text.nrf_log_backend_rtt_panic_set
                0x00000000000010ee        0xa Output/gpiote_pca10040 Debug/Obj/nrf_log_backend_rtt.o
 .text.nrf_log_backend_serial_put
                0x00000000000010f8      0x124 Output/gpiote_pca10040 Debug/Obj/nrf_log_backend_serial.o
                0x00000000000010f8                nrf_log_backend_serial_put
 .text.timestamp_print
                0x000000000000121c        0xc Output/gpiote_pca10040 Debug/Obj/nrf_log_str_formatter.o
 .text.prefix_process
                0x0000000000001228       0xb0 Output/gpiote_pca10040 Debug/Obj/nrf_log_str_formatter.o
 .text.postfix_process
                0x00000000000012d8       0x60 Output/gpiote_pca10040 Debug/Obj/nrf_log_str_formatter.o
 .text.nrf_log_std_entry_process
                0x0000000000001338      0x144 Output/gpiote_pca10040 Debug/Obj/nrf_log_str_formatter.o
                0x0000000000001338                nrf_log_std_entry_process
 .text.nrf_log_hexdump_entry_process
                0x000000000000147c       0xf0 Output/gpiote_pca10040 Debug/Obj/nrf_log_str_formatter.o
                0x000000000000147c                nrf_log_hexdump_entry_process
 .text.app_error_save_and_stop
                0x000000000000156c       0x9c Output/gpiote_pca10040 Debug/Obj/app_error.o
                0x000000000000156c                app_error_save_and_stop
 .text.app_error_handler
                0x0000000000001608       0x1c Output/gpiote_pca10040 Debug/Obj/app_error_handler_gcc.o
                0x0000000000001608                app_error_handler
 .text.app_error_fault_handler
                0x0000000000001624      0x104 Output/gpiote_pca10040 Debug/Obj/app_error_weak.o
                0x0000000000001624                app_error_fault_handler
 .text.app_util_disable_irq
                0x0000000000001728       0x18 Output/gpiote_pca10040 Debug/Obj/app_util_platform.o
                0x0000000000001728                app_util_disable_irq
 .text.app_util_enable_irq
                0x0000000000001740       0x20 Output/gpiote_pca10040 Debug/Obj/app_util_platform.o
                0x0000000000001740                app_util_enable_irq
 .text.app_util_critical_region_enter
                0x0000000000001760       0x28 Output/gpiote_pca10040 Debug/Obj/app_util_platform.o
                0x0000000000001760                app_util_critical_region_enter
 .text.app_util_critical_region_exit
                0x0000000000001788       0x2c Output/gpiote_pca10040 Debug/Obj/app_util_platform.o
                0x0000000000001788                app_util_critical_region_exit
 .text.privilege_level_get
                0x00000000000017b4       0x3a Output/gpiote_pca10040 Debug/Obj/app_util_platform.o
                0x00000000000017b4                privilege_level_get
 .text.assert_nrf_callback
                0x00000000000017ee       0x2e Output/gpiote_pca10040 Debug/Obj/nrf_assert.o
                0x00000000000017ee                assert_nrf_callback
 .text.nrf_atomic_u32_fetch_store
                0x000000000000181c       0x2e Output/gpiote_pca10040 Debug/Obj/nrf_atomic.o
                0x000000000000181c                nrf_atomic_u32_fetch_store
 .text.nrf_atomic_u32_or
                0x000000000000184a       0x30 Output/gpiote_pca10040 Debug/Obj/nrf_atomic.o
                0x000000000000184a                nrf_atomic_u32_or
 .text.nrf_atomic_u32_fetch_and
                0x000000000000187a       0x30 Output/gpiote_pca10040 Debug/Obj/nrf_atomic.o
                0x000000000000187a                nrf_atomic_u32_fetch_and
 .text.nrf_atomic_u32_add
                0x00000000000018aa       0x30 Output/gpiote_pca10040 Debug/Obj/nrf_atomic.o
                0x00000000000018aa                nrf_atomic_u32_add
 .text.nrf_atomic_u32_sub
                0x00000000000018da       0x30 Output/gpiote_pca10040 Debug/Obj/nrf_atomic.o
                0x00000000000018da                nrf_atomic_u32_sub
 .text.nrf_atomic_flag_set
                0x000000000000190a       0x18 Output/gpiote_pca10040 Debug/Obj/nrf_atomic.o
                0x000000000000190a                nrf_atomic_flag_set
 .text.nrf_atomic_flag_clear_fetch
                0x0000000000001922       0x18 Output/gpiote_pca10040 Debug/Obj/nrf_atomic.o
                0x0000000000001922                nrf_atomic_flag_clear_fetch
 *fill*         0x000000000000193a        0x2 
 .text.nrf_balloc_idx2block
                0x000000000000193c       0x38 Output/gpiote_pca10040 Debug/Obj/nrf_balloc.o
 .text.nrf_balloc_block2idx
                0x0000000000001974       0x34 Output/gpiote_pca10040 Debug/Obj/nrf_balloc.o
 .text.nrf_balloc_init
                0x00000000000019a8       0xb8 Output/gpiote_pca10040 Debug/Obj/nrf_balloc.o
                0x00000000000019a8                nrf_balloc_init
 .text.nrf_balloc_alloc
                0x0000000000001a60       0x84 Output/gpiote_pca10040 Debug/Obj/nrf_balloc.o
                0x0000000000001a60                nrf_balloc_alloc
 .text.nrf_balloc_free
                0x0000000000001ae4       0x58 Output/gpiote_pca10040 Debug/Obj/nrf_balloc.o
                0x0000000000001ae4                nrf_balloc_free
 .text.nrf_fprintf_buffer_flush
                0x0000000000001b3c       0x44 Output/gpiote_pca10040 Debug/Obj/nrf_fprintf.o
                0x0000000000001b3c                nrf_fprintf_buffer_flush
 .text.nrf_fprintf
                0x0000000000001b80       0x74 Output/gpiote_pca10040 Debug/Obj/nrf_fprintf.o
                0x0000000000001b80                nrf_fprintf
 .text.buffer_add
                0x0000000000001bf4       0x3c Output/gpiote_pca10040 Debug/Obj/nrf_fprintf_format.o
 .text.string_print
                0x0000000000001c30       0xc2 Output/gpiote_pca10040 Debug/Obj/nrf_fprintf_format.o
 *fill*         0x0000000000001cf2        0x2 
 .text.unsigned_print
                0x0000000000001cf4      0x130 Output/gpiote_pca10040 Debug/Obj/nrf_fprintf_format.o
 .text.int_print
                0x0000000000001e24      0x11c Output/gpiote_pca10040 Debug/Obj/nrf_fprintf_format.o
 .text.nrf_fprintf_fmt
                0x0000000000001f40      0x388 Output/gpiote_pca10040 Debug/Obj/nrf_fprintf_format.o
                0x0000000000001f40                nrf_fprintf_fmt
 .text.nrf_memobj_pool_init
                0x00000000000022c8       0x16 Output/gpiote_pca10040 Debug/Obj/nrf_memobj.o
                0x00000000000022c8                nrf_memobj_pool_init
 .text.nrf_memobj_alloc
                0x00000000000022de       0xae Output/gpiote_pca10040 Debug/Obj/nrf_memobj.o
                0x00000000000022de                nrf_memobj_alloc
 .text.nrf_memobj_free
                0x000000000000238c       0x74 Output/gpiote_pca10040 Debug/Obj/nrf_memobj.o
                0x000000000000238c                nrf_memobj_free
 .text.nrf_memobj_get
                0x0000000000002400       0x1e Output/gpiote_pca10040 Debug/Obj/nrf_memobj.o
                0x0000000000002400                nrf_memobj_get
 .text.nrf_memobj_put
                0x000000000000241e       0x34 Output/gpiote_pca10040 Debug/Obj/nrf_memobj.o
                0x000000000000241e                nrf_memobj_put
 *fill*         0x0000000000002452        0x2 
 .text.memobj_op
                0x0000000000002454      0x124 Output/gpiote_pca10040 Debug/Obj/nrf_memobj.o
 .text.nrf_memobj_write
                0x0000000000002578       0x3c Output/gpiote_pca10040 Debug/Obj/nrf_memobj.o
                0x0000000000002578                nrf_memobj_write
 .text.nrf_memobj_read
                0x00000000000025b4       0x40 Output/gpiote_pca10040 Debug/Obj/nrf_memobj.o
                0x00000000000025b4                nrf_memobj_read
 .text.nrf_ringbuf_init
                0x00000000000025f4       0x3a Output/gpiote_pca10040 Debug/Obj/nrf_ringbuf.o
                0x00000000000025f4                nrf_ringbuf_init
 *fill*         0x000000000000262e        0x2 
 .text.nrf_strerror_get
                0x0000000000002630       0x28 Output/gpiote_pca10040 Debug/Obj/nrf_strerror.o
                0x0000000000002630                nrf_strerror_get
 .text.nrf_strerror_find
                0x0000000000002658       0x68 Output/gpiote_pca10040 Debug/Obj/nrf_strerror.o
                0x0000000000002658                nrf_strerror_find
 .text.nrf_drv_ppi_init
                0x00000000000026c0       0x1c Output/gpiote_pca10040 Debug/Obj/nrf_drv_ppi.o
                0x00000000000026c0                nrf_drv_ppi_init
 .text.NVIC_EnableIRQ
                0x00000000000026dc       0x2c Output/gpiote_pca10040 Debug/Obj/nrfx_gpiote.o
 .text.NVIC_SetPriority
                0x0000000000002708       0x50 Output/gpiote_pca10040 Debug/Obj/nrfx_gpiote.o
 .text._NRFX_IRQ_PRIORITY_SET
                0x0000000000002758       0x40 Output/gpiote_pca10040 Debug/Obj/nrfx_gpiote.o
 .text._NRFX_IRQ_ENABLE
                0x0000000000002798       0x1c Output/gpiote_pca10040 Debug/Obj/nrfx_gpiote.o
 .text.nrf_gpiote_task_addr_get
                0x00000000000027b4       0x1a Output/gpiote_pca10040 Debug/Obj/nrfx_gpiote.o
 .text.nrf_gpiote_event_is_set
                0x00000000000027ce       0x2a Output/gpiote_pca10040 Debug/Obj/nrfx_gpiote.o
 .text.nrf_gpiote_event_clear
                0x00000000000027f8       0x36 Output/gpiote_pca10040 Debug/Obj/nrfx_gpiote.o
 .text.nrf_gpiote_event_addr_get
                0x000000000000282e       0x1a Output/gpiote_pca10040 Debug/Obj/nrfx_gpiote.o
 .text.nrf_gpiote_int_enable
                0x0000000000002848       0x18 Output/gpiote_pca10040 Debug/Obj/nrfx_gpiote.o
 .text.nrf_gpiote_int_is_enabled
                0x0000000000002860       0x18 Output/gpiote_pca10040 Debug/Obj/nrfx_gpiote.o
 .text.nrf_gpiote_event_enable
                0x0000000000002878       0x2c Output/gpiote_pca10040 Debug/Obj/nrfx_gpiote.o
 .text.nrf_gpiote_event_configure
                0x00000000000028a4       0x64 Output/gpiote_pca10040 Debug/Obj/nrfx_gpiote.o
 .text.nrf_gpiote_event_pin_get
                0x0000000000002908       0x20 Output/gpiote_pca10040 Debug/Obj/nrfx_gpiote.o
 .text.nrf_gpiote_event_polarity_get
                0x0000000000002928       0x24 Output/gpiote_pca10040 Debug/Obj/nrfx_gpiote.o
 .text.nrf_gpiote_task_enable
                0x000000000000294c       0x30 Output/gpiote_pca10040 Debug/Obj/nrfx_gpiote.o
 .text.nrf_gpiote_task_configure
                0x000000000000297c       0x7c Output/gpiote_pca10040 Debug/Obj/nrfx_gpiote.o
 .text.nrf_gpio_pin_port_decode
                0x00000000000029f8       0x28 Output/gpiote_pca10040 Debug/Obj/nrfx_gpiote.o
 .text.nrf_gpio_cfg
                0x0000000000002a20       0x62 Output/gpiote_pca10040 Debug/Obj/nrfx_gpiote.o
 .text.nrf_gpio_cfg_output
                0x0000000000002a82       0x22 Output/gpiote_pca10040 Debug/Obj/nrfx_gpiote.o
 .text.nrf_gpio_cfg_input
                0x0000000000002aa4       0x2a Output/gpiote_pca10040 Debug/Obj/nrfx_gpiote.o
 .text.nrf_gpio_cfg_watcher
                0x0000000000002ace       0x38 Output/gpiote_pca10040 Debug/Obj/nrfx_gpiote.o
 .text.nrf_gpio_cfg_sense_set
                0x0000000000002b06       0x5c Output/gpiote_pca10040 Debug/Obj/nrfx_gpiote.o
 .text.nrf_gpio_pin_set
                0x0000000000002b62       0x28 Output/gpiote_pca10040 Debug/Obj/nrfx_gpiote.o
 .text.nrf_gpio_pin_clear
                0x0000000000002b8a       0x28 Output/gpiote_pca10040 Debug/Obj/nrfx_gpiote.o
 .text.nrf_gpio_pin_read
                0x0000000000002bb2       0x2a Output/gpiote_pca10040 Debug/Obj/nrfx_gpiote.o
 .text.nrf_gpio_pin_sense_get
                0x0000000000002bdc       0x2c Output/gpiote_pca10040 Debug/Obj/nrfx_gpiote.o
 .text.nrf_gpio_port_in_read
                0x0000000000002c08       0x10 Output/gpiote_pca10040 Debug/Obj/nrfx_gpiote.o
 .text.nrf_gpio_port_out_set
                0x0000000000002c18       0x14 Output/gpiote_pca10040 Debug/Obj/nrfx_gpiote.o
 .text.nrf_gpio_port_out_clear
                0x0000000000002c2c       0x14 Output/gpiote_pca10040 Debug/Obj/nrfx_gpiote.o
 .text.nrf_gpio_ports_read
                0x0000000000002c40       0x68 Output/gpiote_pca10040 Debug/Obj/nrfx_gpiote.o
 .text.nrf_bitmask_bit_is_set
                0x0000000000002ca8       0x30 Output/gpiote_pca10040 Debug/Obj/nrfx_gpiote.o
 .text.nrf_bitmask_bit_set
                0x0000000000002cd8       0x40 Output/gpiote_pca10040 Debug/Obj/nrfx_gpiote.o
 .text.pin_in_use
                0x0000000000002d18       0x28 Output/gpiote_pca10040 Debug/Obj/nrfx_gpiote.o
 .text.pin_in_use_by_te
                0x0000000000002d40       0x3c Output/gpiote_pca10040 Debug/Obj/nrfx_gpiote.o
 .text.pin_in_use_by_port
                0x0000000000002d7c       0x24 Output/gpiote_pca10040 Debug/Obj/nrfx_gpiote.o
 .text.pin_in_use_by_gpiote
                0x0000000000002da0       0x24 Output/gpiote_pca10040 Debug/Obj/nrfx_gpiote.o
 .text.pin_in_use_by_te_set
                0x0000000000002dc4       0x50 Output/gpiote_pca10040 Debug/Obj/nrfx_gpiote.o
 .text.pin_in_use_set
                0x0000000000002e14       0x1c Output/gpiote_pca10040 Debug/Obj/nrfx_gpiote.o
 .text.pin_in_use_clear
                0x0000000000002e30       0x1c Output/gpiote_pca10040 Debug/Obj/nrfx_gpiote.o
 .text.pin_configured_set
                0x0000000000002e4c       0x1c Output/gpiote_pca10040 Debug/Obj/nrfx_gpiote.o
 .text.channel_port_get
                0x0000000000002e68       0x1c Output/gpiote_pca10040 Debug/Obj/nrfx_gpiote.o
 .text.channel_handler_get
                0x0000000000002e84       0x18 Output/gpiote_pca10040 Debug/Obj/nrfx_gpiote.o
 .text.channel_port_alloc
                0x0000000000002e9c       0x7c Output/gpiote_pca10040 Debug/Obj/nrfx_gpiote.o
 .text.channel_free
                0x0000000000002f18       0x38 Output/gpiote_pca10040 Debug/Obj/nrfx_gpiote.o
 .text.nrfx_gpiote_init
                0x0000000000002f50       0xa4 Output/gpiote_pca10040 Debug/Obj/nrfx_gpiote.o
                0x0000000000002f50                nrfx_gpiote_init
 .text.nrfx_gpiote_out_init
                0x0000000000002ff4       0xd0 Output/gpiote_pca10040 Debug/Obj/nrfx_gpiote.o
                0x0000000000002ff4                nrfx_gpiote_out_init
 .text.nrfx_gpiote_out_task_enable
                0x00000000000030c4       0x64 Output/gpiote_pca10040 Debug/Obj/nrfx_gpiote.o
                0x00000000000030c4                nrfx_gpiote_out_task_enable
 .text.nrfx_gpiote_out_task_addr_get
                0x0000000000003128       0x54 Output/gpiote_pca10040 Debug/Obj/nrfx_gpiote.o
                0x0000000000003128                nrfx_gpiote_out_task_addr_get
 .text.nrfx_gpiote_in_init
                0x000000000000317c       0xf4 Output/gpiote_pca10040 Debug/Obj/nrfx_gpiote.o
                0x000000000000317c                nrfx_gpiote_in_init
 .text.nrfx_gpiote_in_event_enable
                0x0000000000003270      0x110 Output/gpiote_pca10040 Debug/Obj/nrfx_gpiote.o
                0x0000000000003270                nrfx_gpiote_in_event_enable
 .text.GPIOTE_IRQHandler
                0x0000000000003380      0x2e0 Output/gpiote_pca10040 Debug/Obj/nrfx_gpiote.o
                0x0000000000003380                GPIOTE_IRQHandler
 .text.nrf_ppi_channel_enable
                0x0000000000003660       0x24 Output/gpiote_pca10040 Debug/Obj/nrfx_ppi.o
 .text.nrf_ppi_channel_endpoint_setup
                0x0000000000003684       0x34 Output/gpiote_pca10040 Debug/Obj/nrfx_ppi.o
 .text.nrfx_ppi_channel_to_mask
                0x00000000000036b8       0x18 Output/gpiote_pca10040 Debug/Obj/nrfx_ppi.o
 .text.is_programmable_app_channel
                0x00000000000036d0       0x2c Output/gpiote_pca10040 Debug/Obj/nrfx_ppi.o
 .text.are_app_channels
                0x00000000000036fc        0xc Output/gpiote_pca10040 Debug/Obj/nrfx_ppi.o
 .text.is_app_channel
                0x0000000000003708       0x26 Output/gpiote_pca10040 Debug/Obj/nrfx_ppi.o
 *fill*         0x000000000000372e        0x2 
 .text.is_allocated_channel
                0x0000000000003730       0x34 Output/gpiote_pca10040 Debug/Obj/nrfx_ppi.o
 .text.channel_allocated_set
                0x0000000000003764       0x2c Output/gpiote_pca10040 Debug/Obj/nrfx_ppi.o
 .text.nrfx_ppi_channel_alloc
                0x0000000000003790       0xa8 Output/gpiote_pca10040 Debug/Obj/nrfx_ppi.o
                0x0000000000003790                nrfx_ppi_channel_alloc
 .text.nrfx_ppi_channel_assign
                0x0000000000003838       0x72 Output/gpiote_pca10040 Debug/Obj/nrfx_ppi.o
                0x0000000000003838                nrfx_ppi_channel_assign
 .text.nrfx_ppi_channel_enable
                0x00000000000038aa       0x6a Output/gpiote_pca10040 Debug/Obj/nrfx_ppi.o
                0x00000000000038aa                nrfx_ppi_channel_enable
 .text.NVIC_EnableIRQ
                0x0000000000003914       0x2c Output/gpiote_pca10040 Debug/Obj/nrfx_pwm.o
 .text.NVIC_SetPriority
                0x0000000000003940       0x50 Output/gpiote_pca10040 Debug/Obj/nrfx_pwm.o
 .text.nrfx_is_in_ram
                0x0000000000003990       0x1c Output/gpiote_pca10040 Debug/Obj/nrfx_pwm.o
 .text.nrfx_get_irq_number
                0x00000000000039ac       0x10 Output/gpiote_pca10040 Debug/Obj/nrfx_pwm.o
 .text._NRFX_IRQ_PRIORITY_SET
                0x00000000000039bc       0x40 Output/gpiote_pca10040 Debug/Obj/nrfx_pwm.o
 .text._NRFX_IRQ_ENABLE
                0x00000000000039fc       0x1c Output/gpiote_pca10040 Debug/Obj/nrfx_pwm.o
 .text.nrf_pwm_task_trigger
                0x0000000000003a18       0x1c Output/gpiote_pca10040 Debug/Obj/nrfx_pwm.o
 .text.nrf_pwm_task_address_get
                0x0000000000003a34       0x18 Output/gpiote_pca10040 Debug/Obj/nrfx_pwm.o
 .text.nrf_pwm_event_clear
                0x0000000000003a4c       0x2a Output/gpiote_pca10040 Debug/Obj/nrfx_pwm.o
 .text.nrf_pwm_event_check
                0x0000000000003a76       0x24 Output/gpiote_pca10040 Debug/Obj/nrfx_pwm.o
 .text.nrf_pwm_shorts_set
                0x0000000000003a9a       0x14 Output/gpiote_pca10040 Debug/Obj/nrfx_pwm.o
 .text.nrf_pwm_int_set
                0x0000000000003aae       0x14 Output/gpiote_pca10040 Debug/Obj/nrfx_pwm.o
 .text.nrf_pwm_enable
                0x0000000000003ac2       0x12 Output/gpiote_pca10040 Debug/Obj/nrfx_pwm.o
 .text.nrf_pwm_pins_set
                0x0000000000003ad4       0x42 Output/gpiote_pca10040 Debug/Obj/nrfx_pwm.o
 *fill*         0x0000000000003b16        0x2 
 .text.nrf_pwm_configure
                0x0000000000003b18       0x5c Output/gpiote_pca10040 Debug/Obj/nrfx_pwm.o
 .text.nrf_pwm_sequence_set
                0x0000000000003b74       0x6c Output/gpiote_pca10040 Debug/Obj/nrfx_pwm.o
 .text.nrf_pwm_seq_ptr_set
                0x0000000000003be0       0x4c Output/gpiote_pca10040 Debug/Obj/nrfx_pwm.o
 .text.nrf_pwm_seq_cnt_set
                0x0000000000003c2c       0x68 Output/gpiote_pca10040 Debug/Obj/nrfx_pwm.o
 .text.nrf_pwm_seq_refresh_set
                0x0000000000003c94       0x50 Output/gpiote_pca10040 Debug/Obj/nrfx_pwm.o
 .text.nrf_pwm_seq_end_delay_set
                0x0000000000003ce4       0x50 Output/gpiote_pca10040 Debug/Obj/nrfx_pwm.o
 .text.nrf_pwm_decoder_set
                0x0000000000003d34       0x28 Output/gpiote_pca10040 Debug/Obj/nrfx_pwm.o
 .text.nrf_pwm_loop_set
                0x0000000000003d5c       0x1a Output/gpiote_pca10040 Debug/Obj/nrfx_pwm.o
 *fill*         0x0000000000003d76        0x2 
 .text.nrf_gpio_pin_port_decode
                0x0000000000003d78       0x28 Output/gpiote_pca10040 Debug/Obj/nrfx_pwm.o
 .text.nrf_gpio_cfg
                0x0000000000003da0       0x62 Output/gpiote_pca10040 Debug/Obj/nrfx_pwm.o
 .text.nrf_gpio_cfg_output
                0x0000000000003e02       0x22 Output/gpiote_pca10040 Debug/Obj/nrfx_pwm.o
 .text.nrf_gpio_pin_set
                0x0000000000003e24       0x28 Output/gpiote_pca10040 Debug/Obj/nrfx_pwm.o
 .text.nrf_gpio_pin_clear
                0x0000000000003e4c       0x28 Output/gpiote_pca10040 Debug/Obj/nrfx_pwm.o
 .text.nrf_gpio_port_out_set
                0x0000000000003e74       0x14 Output/gpiote_pca10040 Debug/Obj/nrfx_pwm.o
 .text.nrf_gpio_port_out_clear
                0x0000000000003e88       0x14 Output/gpiote_pca10040 Debug/Obj/nrfx_pwm.o
 .text.configure_pins
                0x0000000000003e9c       0xd0 Output/gpiote_pca10040 Debug/Obj/nrfx_pwm.o
 .text.nrfx_pwm_init
                0x0000000000003f6c      0x114 Output/gpiote_pca10040 Debug/Obj/nrfx_pwm.o
                0x0000000000003f6c                nrfx_pwm_init
 .text.start_playback
                0x0000000000004080       0xc0 Output/gpiote_pca10040 Debug/Obj/nrfx_pwm.o
 .text.nrfx_pwm_simple_playback
                0x0000000000004140      0x110 Output/gpiote_pca10040 Debug/Obj/nrfx_pwm.o
                0x0000000000004140                nrfx_pwm_simple_playback
 .text.irq_handler
                0x0000000000004250       0xe2 Output/gpiote_pca10040 Debug/Obj/nrfx_pwm.o
 *fill*         0x0000000000004332        0x2 
 .text.PWM0_IRQHandler
                0x0000000000004334       0x18 Output/gpiote_pca10040 Debug/Obj/nrfx_pwm.o
                0x0000000000004334                PWM0_IRQHandler
 .text.PWM1_IRQHandler
                0x000000000000434c       0x18 Output/gpiote_pca10040 Debug/Obj/nrfx_pwm.o
                0x000000000000434c                PWM1_IRQHandler
 .text.PWM2_IRQHandler
                0x0000000000004364       0x18 Output/gpiote_pca10040 Debug/Obj/nrfx_pwm.o
                0x0000000000004364                PWM2_IRQHandler
 .text.NVIC_EnableIRQ
                0x000000000000437c       0x2c Output/gpiote_pca10040 Debug/Obj/nrfx_saadc.o
 .text.NVIC_SetPriority
                0x00000000000043a8       0x50 Output/gpiote_pca10040 Debug/Obj/nrfx_saadc.o
 .text._NRFX_IRQ_PRIORITY_SET
                0x00000000000043f8       0x40 Output/gpiote_pca10040 Debug/Obj/nrfx_saadc.o
 .text._NRFX_IRQ_ENABLE
                0x0000000000004438       0x1c Output/gpiote_pca10040 Debug/Obj/nrfx_saadc.o
 .text.nrf_saadc_task_trigger
                0x0000000000004454       0x1e Output/gpiote_pca10040 Debug/Obj/nrfx_saadc.o
 .text.nrf_saadc_event_check
                0x0000000000004472       0x26 Output/gpiote_pca10040 Debug/Obj/nrfx_saadc.o
 .text.nrf_saadc_event_clear
                0x0000000000004498       0x30 Output/gpiote_pca10040 Debug/Obj/nrfx_saadc.o
 .text.nrf_saadc_channel_input_set
                0x00000000000044c8       0x44 Output/gpiote_pca10040 Debug/Obj/nrfx_saadc.o
 .text.nrf_saadc_int_enable
                0x000000000000450c       0x18 Output/gpiote_pca10040 Debug/Obj/nrfx_saadc.o
 .text.nrf_saadc_int_disable
                0x0000000000004524       0x18 Output/gpiote_pca10040 Debug/Obj/nrfx_saadc.o
 .text.nrf_saadc_enable
                0x000000000000453c       0x10 Output/gpiote_pca10040 Debug/Obj/nrfx_saadc.o
 .text.nrf_saadc_disable
                0x000000000000454c       0x10 Output/gpiote_pca10040 Debug/Obj/nrfx_saadc.o
 .text.nrf_saadc_buffer_init
                0x000000000000455c       0x20 Output/gpiote_pca10040 Debug/Obj/nrfx_saadc.o
 .text.nrf_saadc_resolution_set
                0x000000000000457c       0x1c Output/gpiote_pca10040 Debug/Obj/nrfx_saadc.o
 .text.nrf_saadc_oversample_set
                0x0000000000004598       0x1c Output/gpiote_pca10040 Debug/Obj/nrfx_saadc.o
 .text.nrf_saadc_oversample_get
                0x00000000000045b4       0x10 Output/gpiote_pca10040 Debug/Obj/nrfx_saadc.o
 .text.nrf_saadc_channel_init
                0x00000000000045c4       0x8c Output/gpiote_pca10040 Debug/Obj/nrfx_saadc.o
 .text.SAADC_IRQHandler
                0x0000000000004650      0x250 Output/gpiote_pca10040 Debug/Obj/nrfx_saadc.o
                0x0000000000004650                SAADC_IRQHandler
 .text.nrfx_saadc_init
                0x00000000000048a0       0xe0 Output/gpiote_pca10040 Debug/Obj/nrfx_saadc.o
                0x00000000000048a0                nrfx_saadc_init
 .text.nrfx_saadc_channel_init
                0x0000000000004980      0x124 Output/gpiote_pca10040 Debug/Obj/nrfx_saadc.o
                0x0000000000004980                nrfx_saadc_channel_init
 .text.nrfx_saadc_buffer_convert
                0x0000000000004aa4      0x148 Output/gpiote_pca10040 Debug/Obj/nrfx_saadc.o
                0x0000000000004aa4                nrfx_saadc_buffer_convert
 .text.nrfx_saadc_sample
                0x0000000000004bec       0x58 Output/gpiote_pca10040 Debug/Obj/nrfx_saadc.o
                0x0000000000004bec                nrfx_saadc_sample
 .text.NVIC_EnableIRQ
                0x0000000000004c44       0x2c Output/gpiote_pca10040 Debug/Obj/app_timer.o
 .text.NVIC_DisableIRQ
                0x0000000000004c70       0x30 Output/gpiote_pca10040 Debug/Obj/app_timer.o
 .text.NVIC_SetPendingIRQ
                0x0000000000004ca0       0x30 Output/gpiote_pca10040 Debug/Obj/app_timer.o
 .text.NVIC_ClearPendingIRQ
                0x0000000000004cd0       0x30 Output/gpiote_pca10040 Debug/Obj/app_timer.o
 .text.NVIC_SetPriority
                0x0000000000004d00       0x50 Output/gpiote_pca10040 Debug/Obj/app_timer.o
 .text.nrfx_coredep_delay_us
                0x0000000000004d50       0x30 Output/gpiote_pca10040 Debug/Obj/app_timer.o
 .text.rtc1_init
                0x0000000000004d80       0x24 Output/gpiote_pca10040 Debug/Obj/app_timer.o
 .text.rtc1_start
                0x0000000000004da4       0x40 Output/gpiote_pca10040 Debug/Obj/app_timer.o
 .text.rtc1_stop
                0x0000000000004de4       0x50 Output/gpiote_pca10040 Debug/Obj/app_timer.o
 .text.rtc1_counter_get
                0x0000000000004e34       0x10 Output/gpiote_pca10040 Debug/Obj/app_timer.o
 .text.ticks_diff_get
                0x0000000000004e44       0x16 Output/gpiote_pca10040 Debug/Obj/app_timer.o
 *fill*         0x0000000000004e5a        0x2 
 .text.rtc1_compare0_set
                0x0000000000004e5c       0x18 Output/gpiote_pca10040 Debug/Obj/app_timer.o
 .text.timer_list_insert
                0x0000000000004e74       0xac Output/gpiote_pca10040 Debug/Obj/app_timer.o
 .text.timer_list_remove
                0x0000000000004f20       0xc0 Output/gpiote_pca10040 Debug/Obj/app_timer.o
 .text.timer_timeouts_check_sched
                0x0000000000004fe0        0xc Output/gpiote_pca10040 Debug/Obj/app_timer.o
 .text.timer_list_handler_sched
                0x0000000000004fec        0xc Output/gpiote_pca10040 Debug/Obj/app_timer.o
 .text.timeout_handler_exec
                0x0000000000004ff8       0x1a Output/gpiote_pca10040 Debug/Obj/app_timer.o
 *fill*         0x0000000000005012        0x2 
 .text.timer_timeouts_check
                0x0000000000005014       0xc8 Output/gpiote_pca10040 Debug/Obj/app_timer.o
 .text.elapsed_ticks_acquire
                0x00000000000050dc       0x78 Output/gpiote_pca10040 Debug/Obj/app_timer.o
 .text.expired_timers_handler
                0x0000000000005154       0x94 Output/gpiote_pca10040 Debug/Obj/app_timer.o
 .text.list_insertions_handler
                0x00000000000051e8      0x1bc Output/gpiote_pca10040 Debug/Obj/app_timer.o
 .text.compare_reg_update
                0x00000000000053a4       0xb0 Output/gpiote_pca10040 Debug/Obj/app_timer.o
 .text.timer_list_handler
                0x0000000000005454       0x80 Output/gpiote_pca10040 Debug/Obj/app_timer.o
 .text.user_op_enque
                0x00000000000054d4       0x1c Output/gpiote_pca10040 Debug/Obj/app_timer.o
 .text.user_op_alloc
                0x00000000000054f0       0x5c Output/gpiote_pca10040 Debug/Obj/app_timer.o
 .text.timer_start_op_schedule
                0x000000000000554c       0x7a Output/gpiote_pca10040 Debug/Obj/app_timer.o
 *fill*         0x00000000000055c6        0x2 
 .text.RTC1_IRQHandler
                0x00000000000055c8       0x40 Output/gpiote_pca10040 Debug/Obj/app_timer.o
                0x00000000000055c8                RTC1_IRQHandler
 .text.SWI0_EGU0_IRQHandler
                0x0000000000005608        0xa Output/gpiote_pca10040 Debug/Obj/app_timer.o
                0x0000000000005608                SWI0_EGU0_IRQHandler
 *fill*         0x0000000000005612        0x2 
 .text.app_timer_init
                0x0000000000005614       0x68 Output/gpiote_pca10040 Debug/Obj/app_timer.o
                0x0000000000005614                app_timer_init
 .text.app_timer_create
                0x000000000000567c       0x60 Output/gpiote_pca10040 Debug/Obj/app_timer.o
                0x000000000000567c                app_timer_create
 .text.app_timer_start
                0x00000000000056dc       0x6c Output/gpiote_pca10040 Debug/Obj/app_timer.o
                0x00000000000056dc                app_timer_start
 .text.nrf_drv_clock_init
                0x0000000000005748       0x54 Output/gpiote_pca10040 Debug/Obj/nrf_drv_clock.o
                0x0000000000005748                nrf_drv_clock_init
 .text.item_enqueue
                0x000000000000579c       0x38 Output/gpiote_pca10040 Debug/Obj/nrf_drv_clock.o
 .text.item_dequeue
                0x00000000000057d4       0x20 Output/gpiote_pca10040 Debug/Obj/nrf_drv_clock.o
 .text.nrf_drv_clock_lfclk_request
                0x00000000000057f4       0x9c Output/gpiote_pca10040 Debug/Obj/nrf_drv_clock.o
                0x00000000000057f4                nrf_drv_clock_lfclk_request
 .text.clock_clk_started_notify
                0x0000000000005890       0x4c Output/gpiote_pca10040 Debug/Obj/nrf_drv_clock.o
 .text.clock_irq_handler
                0x00000000000058dc       0x40 Output/gpiote_pca10040 Debug/Obj/nrf_drv_clock.o
 .text.NVIC_EnableIRQ
                0x000000000000591c       0x2c Output/gpiote_pca10040 Debug/Obj/nrfx_rtc.o
 .text.NVIC_SetPriority
                0x0000000000005948       0x50 Output/gpiote_pca10040 Debug/Obj/nrfx_rtc.o
 .text._NRFX_IRQ_PRIORITY_SET
                0x0000000000005998       0x40 Output/gpiote_pca10040 Debug/Obj/nrfx_rtc.o
 .text._NRFX_IRQ_ENABLE
                0x00000000000059d8       0x1c Output/gpiote_pca10040 Debug/Obj/nrfx_rtc.o
 .text.nrf_rtc_cc_set
                0x00000000000059f4       0x1c Output/gpiote_pca10040 Debug/Obj/nrfx_rtc.o
 .text.nrf_rtc_int_enable
                0x0000000000005a10       0x14 Output/gpiote_pca10040 Debug/Obj/nrfx_rtc.o
 .text.nrf_rtc_int_disable
                0x0000000000005a24       0x14 Output/gpiote_pca10040 Debug/Obj/nrfx_rtc.o
 .text.nrf_rtc_int_is_enabled
                0x0000000000005a38       0x16 Output/gpiote_pca10040 Debug/Obj/nrfx_rtc.o
 .text.nrf_rtc_event_pending
                0x0000000000005a4e       0x1a Output/gpiote_pca10040 Debug/Obj/nrfx_rtc.o
 .text.nrf_rtc_event_clear
                0x0000000000005a68       0x2a Output/gpiote_pca10040 Debug/Obj/nrfx_rtc.o
 .text.nrf_rtc_counter_get
                0x0000000000005a92       0x10 Output/gpiote_pca10040 Debug/Obj/nrfx_rtc.o
 *fill*         0x0000000000005aa2        0x2 
 .text.nrf_rtc_prescaler_set
                0x0000000000005aa4       0x30 Output/gpiote_pca10040 Debug/Obj/nrfx_rtc.o
 .text.nrf_rtc_task_trigger
                0x0000000000005ad4       0x1e Output/gpiote_pca10040 Debug/Obj/nrfx_rtc.o
 .text.nrf_rtc_event_enable
                0x0000000000005af2       0x14 Output/gpiote_pca10040 Debug/Obj/nrfx_rtc.o
 .text.nrf_rtc_event_disable
                0x0000000000005b06       0x14 Output/gpiote_pca10040 Debug/Obj/nrfx_rtc.o
 *fill*         0x0000000000005b1a        0x2 
 .text.nrfx_rtc_init
                0x0000000000005b1c       0xe4 Output/gpiote_pca10040 Debug/Obj/nrfx_rtc.o
                0x0000000000005b1c                nrfx_rtc_init
 .text.nrfx_rtc_enable
                0x0000000000005c00       0x54 Output/gpiote_pca10040 Debug/Obj/nrfx_rtc.o
                0x0000000000005c00                nrfx_rtc_enable
 .text.nrfx_rtc_cc_set
                0x0000000000005c54      0x140 Output/gpiote_pca10040 Debug/Obj/nrfx_rtc.o
                0x0000000000005c54                nrfx_rtc_cc_set
 .text.irq_handler
                0x0000000000005d94      0x114 Output/gpiote_pca10040 Debug/Obj/nrfx_rtc.o
 .text.RTC0_IRQHandler
                0x0000000000005ea8       0x14 Output/gpiote_pca10040 Debug/Obj/nrfx_rtc.o
                0x0000000000005ea8                RTC0_IRQHandler
 .text.NVIC_EnableIRQ
                0x0000000000005ebc       0x2c Output/gpiote_pca10040 Debug/Obj/nrfx_clock.o
 .text.NVIC_SetPriority
                0x0000000000005ee8       0x50 Output/gpiote_pca10040 Debug/Obj/nrfx_clock.o
 .text.nrfx_get_irq_number
                0x0000000000005f38       0x10 Output/gpiote_pca10040 Debug/Obj/nrfx_clock.o
 .text._NRFX_IRQ_PRIORITY_SET
                0x0000000000005f48       0x40 Output/gpiote_pca10040 Debug/Obj/nrfx_clock.o
 .text._NRFX_IRQ_ENABLE
                0x0000000000005f88       0x1c Output/gpiote_pca10040 Debug/Obj/nrfx_clock.o
 .text._NRFX_IRQ_IS_ENABLED
                0x0000000000005fa4       0x4c Output/gpiote_pca10040 Debug/Obj/nrfx_clock.o
 .text.nrf_clock_int_enable
                0x0000000000005ff0       0x14 Output/gpiote_pca10040 Debug/Obj/nrfx_clock.o
 .text.nrf_clock_int_disable
                0x0000000000006004       0x14 Output/gpiote_pca10040 Debug/Obj/nrfx_clock.o
 .text.nrf_clock_task_trigger
                0x0000000000006018       0x1a Output/gpiote_pca10040 Debug/Obj/nrfx_clock.o
 .text.nrf_clock_event_clear
                0x0000000000006032       0x28 Output/gpiote_pca10040 Debug/Obj/nrfx_clock.o
 .text.nrf_clock_event_check
                0x000000000000605a       0x22 Output/gpiote_pca10040 Debug/Obj/nrfx_clock.o
 .text.nrf_clock_lf_src_set
                0x000000000000607c       0x14 Output/gpiote_pca10040 Debug/Obj/nrfx_clock.o
 .text.nrfx_power_clock_irq_init
                0x0000000000006090       0x56 Output/gpiote_pca10040 Debug/Obj/nrfx_clock.o
 *fill*         0x00000000000060e6        0x2 
 .text.nrfx_clock_anomaly_132
                0x00000000000060e8       0x54 Output/gpiote_pca10040 Debug/Obj/nrfx_clock.o
 .text.nrfx_clock_init
                0x000000000000613c       0x4c Output/gpiote_pca10040 Debug/Obj/nrfx_clock.o
                0x000000000000613c                nrfx_clock_init
 .text.nrfx_clock_enable
                0x0000000000006188       0x34 Output/gpiote_pca10040 Debug/Obj/nrfx_clock.o
                0x0000000000006188                nrfx_clock_enable
 .text.nrfx_clock_lfclk_start
                0x00000000000061bc       0x38 Output/gpiote_pca10040 Debug/Obj/nrfx_clock.o
                0x00000000000061bc                nrfx_clock_lfclk_start
 .text.nrfx_clock_irq_handler
                0x00000000000061f4       0x68 Output/gpiote_pca10040 Debug/Obj/nrfx_clock.o
                0x00000000000061f4                nrfx_clock_irq_handler
 .text.nrf_power_event_clear
                0x000000000000625c       0x28 Output/gpiote_pca10040 Debug/Obj/nrfx_power.o
 .text.nrf_power_event_check
                0x0000000000006284       0x22 Output/gpiote_pca10040 Debug/Obj/nrfx_power.o
 .text.nrf_power_event_get_and_clear
                0x00000000000062a6       0x38 Output/gpiote_pca10040 Debug/Obj/nrfx_power.o
 .text.nrf_power_int_enable_get
                0x00000000000062de        0xc Output/gpiote_pca10040 Debug/Obj/nrfx_power.o
 *fill*         0x00000000000062ea        0x2 
 .text.nrfx_power_irq_handler
                0x00000000000062ec       0xb4 Output/gpiote_pca10040 Debug/Obj/nrfx_power.o
                0x00000000000062ec                nrfx_power_irq_handler
 .text.POWER_CLOCK_IRQHandler
                0x00000000000063a0        0xe Output/gpiote_pca10040 Debug/Obj/nrfx_power.o
                0x00000000000063a0                POWER_CLOCK_IRQHandler
 *fill*         0x00000000000063ae        0x2 
 .text.NVIC_EnableIRQ
                0x00000000000063b0       0x2c Output/gpiote_pca10040 Debug/Obj/main.o
 .text._NRFX_IRQ_ENABLE
                0x00000000000063dc       0x1c Output/gpiote_pca10040 Debug/Obj/main.o
 .text.nrf_pwm_task_trigger
                0x00000000000063f8       0x1c Output/gpiote_pca10040 Debug/Obj/main.o
 .text.nrfx_pwm_step
                0x0000000000006414       0x1a Output/gpiote_pca10040 Debug/Obj/main.o
 *fill*         0x000000000000642e        0x2 
 .text.nrf_temp_init
                0x0000000000006430       0x10 Output/gpiote_pca10040 Debug/Obj/main.o
 .text.nrf_temp_read
                0x0000000000006440       0x2c Output/gpiote_pca10040 Debug/Obj/main.o
 .text.nrf_drv_saadc_init
                0x000000000000646c       0x28 Output/gpiote_pca10040 Debug/Obj/main.o
 .text.nrf_rtc_int_enable
                0x0000000000006494       0x14 Output/gpiote_pca10040 Debug/Obj/main.o
 .text.nrf_rtc_event_address_get
                0x00000000000064a8       0x18 Output/gpiote_pca10040 Debug/Obj/main.o
 .text.nrf_rtc_task_trigger
                0x00000000000064c0       0x1e Output/gpiote_pca10040 Debug/Obj/main.o
 .text.nrfx_rtc_int_enable
                0x00000000000064de       0x1c Output/gpiote_pca10040 Debug/Obj/main.o
 .text.nrfx_rtc_counter_clear
                0x00000000000064fa       0x1a Output/gpiote_pca10040 Debug/Obj/main.o
 .text.nrfx_rtc_event_address_get
                0x0000000000006514       0x26 Output/gpiote_pca10040 Debug/Obj/main.o
 *fill*         0x000000000000653a        0x2 
 .text.rtc_handler
                0x000000000000653c       0x44 Output/gpiote_pca10040 Debug/Obj/main.o
                0x000000000000653c                rtc_handler
 .text.led_blinking_setup
                0x0000000000006580       0xec Output/gpiote_pca10040 Debug/Obj/main.o
 .text.temp_setup
                0x000000000000666c       0x24 Output/gpiote_pca10040 Debug/Obj/main.o
 .text.in_pin_handler
                0x0000000000006690       0x84 Output/gpiote_pca10040 Debug/Obj/main.o
                0x0000000000006690                in_pin_handler
 .text.in_pin_handler2
                0x0000000000006714       0x50 Output/gpiote_pca10040 Debug/Obj/main.o
                0x0000000000006714                in_pin_handler2
 .text.gpio_init
                0x0000000000006764       0x88 Output/gpiote_pca10040 Debug/Obj/main.o
 .text.demo3    0x00000000000067ec       0x58 Output/gpiote_pca10040 Debug/Obj/main.o
 .text.TEMP_IRQHandler
                0x0000000000006844       0x64 Output/gpiote_pca10040 Debug/Obj/main.o
                0x0000000000006844                TEMP_IRQHandler
 .text.saadc_callback
                0x00000000000068a8       0xdc Output/gpiote_pca10040 Debug/Obj/main.o
                0x00000000000068a8                saadc_callback
 .text.saadc_init
                0x0000000000006984       0x84 Output/gpiote_pca10040 Debug/Obj/main.o
                0x0000000000006984                saadc_init
 .text.lfclk_config
                0x0000000000006a08       0x30 Output/gpiote_pca10040 Debug/Obj/main.o
 .text.temp_timer_h
                0x0000000000006a38       0x14 Output/gpiote_pca10040 Debug/Obj/main.o
 .text.saadc_timer_h
                0x0000000000006a4c       0x12 Output/gpiote_pca10040 Debug/Obj/main.o
 *fill*         0x0000000000006a5e        0x2 
 .text.create_timers
                0x0000000000006a60       0x64 Output/gpiote_pca10040 Debug/Obj/main.o
 .text.main     0x0000000000006ac4      0x154 Output/gpiote_pca10040 Debug/Obj/main.o
                0x0000000000006ac4                main
 .text._DoInit  0x0000000000006c18       0x9c Output/gpiote_pca10040 Debug/Obj/SEGGER_RTT.o
 .text._WriteBlocking
                0x0000000000006cb4       0xb2 Output/gpiote_pca10040 Debug/Obj/SEGGER_RTT.o
 .text._WriteNoCheck
                0x0000000000006d66       0x7e Output/gpiote_pca10040 Debug/Obj/SEGGER_RTT.o
 .text._GetAvailWriteSpace
                0x0000000000006de4       0x3c Output/gpiote_pca10040 Debug/Obj/SEGGER_RTT.o
 .text.SEGGER_RTT_WriteNoLock
                0x0000000000006e20       0xa0 Output/gpiote_pca10040 Debug/Obj/SEGGER_RTT.o
                0x0000000000006e20                SEGGER_RTT_WriteNoLock
 .text.SEGGER_RTT_Init
                0x0000000000006ec0        0xa Output/gpiote_pca10040 Debug/Obj/SEGGER_RTT.o
                0x0000000000006ec0                SEGGER_RTT_Init
 *fill*         0x0000000000006eca        0x2 
 .text.NVIC_SystemReset
                0x0000000000006ecc       0x2c Output/gpiote_pca10040 Debug/Obj/system_nrf52.o
 .text.SystemCoreClockUpdate
                0x0000000000006ef8       0x14 Output/gpiote_pca10040 Debug/Obj/system_nrf52.o
                0x0000000000006ef8                SystemCoreClockUpdate
 .text.SystemInit
                0x0000000000006f0c      0x2d8 Output/gpiote_pca10040 Debug/Obj/system_nrf52.o
                0x0000000000006f0c                SystemInit
 .text.errata_12
                0x00000000000071e4       0x58 Output/gpiote_pca10040 Debug/Obj/system_nrf52.o
 .text.errata_16
                0x000000000000723c       0x38 Output/gpiote_pca10040 Debug/Obj/system_nrf52.o
 .text.errata_31
                0x0000000000007274       0x58 Output/gpiote_pca10040 Debug/Obj/system_nrf52.o
 .text.errata_32
                0x00000000000072cc       0x38 Output/gpiote_pca10040 Debug/Obj/system_nrf52.o
 .text.errata_36
                0x0000000000007304       0x58 Output/gpiote_pca10040 Debug/Obj/system_nrf52.o
 .text.errata_37
                0x000000000000735c       0x38 Output/gpiote_pca10040 Debug/Obj/system_nrf52.o
 .text.errata_57
                0x0000000000007394       0x38 Output/gpiote_pca10040 Debug/Obj/system_nrf52.o
 .text.errata_66
                0x00000000000073cc       0x38 Output/gpiote_pca10040 Debug/Obj/system_nrf52.o
 .text.errata_108
                0x0000000000007404       0x58 Output/gpiote_pca10040 Debug/Obj/system_nrf52.o
 .text.errata_136
                0x000000000000745c       0x58 Output/gpiote_pca10040 Debug/Obj/system_nrf52.o
 .text.errata_182
                0x00000000000074b4       0x24 Output/gpiote_pca10040 Debug/Obj/system_nrf52.o
 .text.libc.__RAL_ascii_isctype
                0x00000000000074d8       0x1c C:/Program Files/SEGGER/SEGGER Embedded Studio for ARM 4.50/lib/libc_v7em_fpv4_sp_d16_hard_t_le_eabi.a(libc2.o)
 .text.libc.__RAL_ascii_toupper
                0x00000000000074f4        0xc C:/Program Files/SEGGER/SEGGER Embedded Studio for ARM 4.50/lib/libc_v7em_fpv4_sp_d16_hard_t_le_eabi.a(libc2.o)
 .text.libc.__RAL_ascii_tolower
                0x0000000000007500        0xc C:/Program Files/SEGGER/SEGGER Embedded Studio for ARM 4.50/lib/libc_v7em_fpv4_sp_d16_hard_t_le_eabi.a(libc2.o)
 .text.libc.__RAL_ascii_iswctype
                0x000000000000750c       0x1c C:/Program Files/SEGGER/SEGGER Embedded Studio for ARM 4.50/lib/libc_v7em_fpv4_sp_d16_hard_t_le_eabi.a(libc2.o)
 .text.libc.__RAL_ascii_towupper
                0x0000000000007528        0xc C:/Program Files/SEGGER/SEGGER Embedded Studio for ARM 4.50/lib/libc_v7em_fpv4_sp_d16_hard_t_le_eabi.a(libc2.o)
 .text.libc.__RAL_ascii_towlower
                0x0000000000007534        0xc C:/Program Files/SEGGER/SEGGER Embedded Studio for ARM 4.50/lib/libc_v7em_fpv4_sp_d16_hard_t_le_eabi.a(libc2.o)
 .text.libc.__RAL_ascii_wctomb
                0x0000000000007540        0xe C:/Program Files/SEGGER/SEGGER Embedded Studio for ARM 4.50/lib/libc_v7em_fpv4_sp_d16_hard_t_le_eabi.a(libc2.o)
                0x0000000000007540                __RAL_ascii_wctomb
 .text.libc.__RAL_ascii_mbtowc
                0x000000000000754e       0x24 C:/Program Files/SEGGER/SEGGER Embedded Studio for ARM 4.50/lib/libc_v7em_fpv4_sp_d16_hard_t_le_eabi.a(libc2.o)
                0x000000000000754e                __RAL_ascii_mbtowc
 *fill*         0x0000000000007572        0x2 
 .text.libc.__RAL_isctype
                0x0000000000007574       0x14 C:/Program Files/SEGGER/SEGGER Embedded Studio for ARM 4.50/lib/libc_v7em_fpv4_sp_d16_hard_t_le_eabi.a(libc2.o)
                0x0000000000007574                __RAL_isctype
 .text.libc.isprint
                0x0000000000007588        0xa C:/Program Files/SEGGER/SEGGER Embedded Studio for ARM 4.50/lib/libc_v7em_fpv4_sp_d16_hard_t_le_eabi.a(libc2.o)
                0x0000000000007588                isprint
 .text.libc.memcpy
                0x0000000000007592       0x52 C:/Program Files/SEGGER/SEGGER Embedded Studio for ARM 4.50/lib/libc_v7em_fpv4_sp_d16_hard_t_le_eabi.a(libc2_asm.o)
                0x0000000000007592                __aeabi_memcpy
                0x0000000000007592                memcpy
                0x000000000000759e                __aeabi_memcpy8
                0x000000000000759e                __aeabi_memcpy4
 .text.libc.memset
                0x00000000000075e4       0x66 C:/Program Files/SEGGER/SEGGER Embedded Studio for ARM 4.50/lib/libc_v7em_fpv4_sp_d16_hard_t_le_eabi.a(libc2_asm.o)
                0x00000000000075e4                memset
 .text.libc.strcpy
                0x000000000000764a       0x44 C:/Program Files/SEGGER/SEGGER Embedded Studio for ARM 4.50/lib/libc_v7em_fpv4_sp_d16_hard_t_le_eabi.a(libc2_asm.o)
                0x000000000000764a                strcpy
 .text.libc.strlen
                0x000000000000768e       0x60 C:/Program Files/SEGGER/SEGGER Embedded Studio for ARM 4.50/lib/libc_v7em_fpv4_sp_d16_hard_t_le_eabi.a(libc2_asm.o)
                0x000000000000768e                strlen
                0x00000000000076ee                __text_end__ = (__text_start__ + SIZEOF (.text))
                0x000000000000731e                __text_size__ = SIZEOF (.text)
                0x00000000000076ee                __text_load_end__ = __text_end__

.vfp11_veneer   0x0000000100000000        0x0
 .vfp11_veneer  0x0000000100000000        0x0 linker stubs

.v4_bx          0x0000000100000000        0x0
 .v4_bx         0x0000000100000000        0x0 linker stubs

.iplt           0x0000000100000000        0x0
 .iplt          0x0000000100000000        0x0 Output/gpiote_pca10040 Debug/Obj/thumb_crt0.o
                0x0000000000000001                . = ASSERT (((__text_start__ == __text_end__) || ((__text_end__ - __FLASH_segment_start__) <= __FLASH_segment_size__)), error: .text is too large to fit in FLASH memory segment)
                0x00000000000076f0                __log_const_data_load_start__ = ALIGN (__text_end__, 0x4)

.log_const_data
                0x00000000000076f0       0x40
                0x00000000000076f0                __log_const_data_start__ = .
                0x00000000000076f0                __start_log_const_data = __log_const_data_start__
 *(SORT_BY_NAME(.log_const_data*))
 .log_const_data_CLOCK
                0x00000000000076f0        0x8 Output/gpiote_pca10040 Debug/Obj/nrfx_clock.o
                0x00000000000076f0                m_nrf_log_CLOCK_logs_data_const
 .log_const_data_GPIOTE
                0x00000000000076f8        0x8 Output/gpiote_pca10040 Debug/Obj/nrfx_gpiote.o
                0x00000000000076f8                m_nrf_log_GPIOTE_logs_data_const
 .log_const_data_PPI
                0x0000000000007700        0x8 Output/gpiote_pca10040 Debug/Obj/nrfx_ppi.o
                0x0000000000007700                m_nrf_log_PPI_logs_data_const
 .log_const_data_PWM
                0x0000000000007708        0x8 Output/gpiote_pca10040 Debug/Obj/nrfx_pwm.o
                0x0000000000007708                m_nrf_log_PWM_logs_data_const
 .log_const_data_RTC
                0x0000000000007710        0x8 Output/gpiote_pca10040 Debug/Obj/nrfx_rtc.o
                0x0000000000007710                m_nrf_log_RTC_logs_data_const
 .log_const_data_SAADC
                0x0000000000007718        0x8 Output/gpiote_pca10040 Debug/Obj/nrfx_saadc.o
                0x0000000000007718                m_nrf_log_SAADC_logs_data_const
 .log_const_data_app
                0x0000000000007720        0x8 Output/gpiote_pca10040 Debug/Obj/nrf_log_frontend.o
                0x0000000000007720                m_nrf_log_app_logs_data_const
 .log_const_data_clock
                0x0000000000007728        0x8 Output/gpiote_pca10040 Debug/Obj/nrf_drv_clock.o
                0x0000000000007728                m_nrf_log_clock_logs_data_const
                0x0000000000007730                __log_const_data_end__ = (__log_const_data_start__ + SIZEOF (.log_const_data))
                0x0000000000000040                __log_const_data_size__ = SIZEOF (.log_const_data)
                0x0000000000007730                __stop_log_const_data = __log_const_data_end__
                0x0000000000007730                __log_const_data_load_end__ = __log_const_data_end__
                0x0000000000000001                . = ASSERT (((__log_const_data_start__ == __log_const_data_end__) || ((__log_const_data_end__ - __FLASH_segment_start__) <= __FLASH_segment_size__)), error: .log_const_data is too large to fit in FLASH memory segment)
                0x0000000000007730                __log_backends_load_start__ = ALIGN (__log_const_data_end__, 0x4)

.log_backends   0x0000000000007730       0x10
                0x0000000000007730                __log_backends_start__ = .
                0x0000000000007730                __start_log_backends = __log_backends_start__
 *(SORT_BY_NAME(.log_backends*))
 .log_backends  0x0000000000007730       0x10 Output/gpiote_pca10040 Debug/Obj/nrf_log_default_backends.o
                0x0000000000007740                __log_backends_end__ = (__log_backends_start__ + SIZEOF (.log_backends))
                0x0000000000000010                __log_backends_size__ = SIZEOF (.log_backends)
                0x0000000000007740                __stop_log_backends = __log_backends_end__
                0x0000000000007740                __log_backends_load_end__ = __log_backends_end__
                0x0000000000000001                . = ASSERT (((__log_backends_start__ == __log_backends_end__) || ((__log_backends_end__ - __FLASH_segment_start__) <= __FLASH_segment_size__)), error: .log_backends is too large to fit in FLASH memory segment)
                0x0000000000007740                __nrf_balloc_load_start__ = ALIGN (__log_backends_end__, 0x4)

.nrf_balloc     0x0000000000007740       0x14
                0x0000000000007740                __nrf_balloc_start__ = .
                0x0000000000007740                __start_nrf_balloc = __nrf_balloc_start__
 *(.nrf_balloc*)
 .nrf_balloc    0x0000000000007740       0x14 Output/gpiote_pca10040 Debug/Obj/nrf_log_frontend.o
                0x0000000000007740                log_mempool
                0x0000000000007754                __nrf_balloc_end__ = (__nrf_balloc_start__ + SIZEOF (.nrf_balloc))
                0x0000000000000014                __nrf_balloc_size__ = SIZEOF (.nrf_balloc)
                0x0000000000007754                __stop_nrf_balloc = __nrf_balloc_end__
                0x0000000000007754                __nrf_balloc_load_end__ = __nrf_balloc_end__
                0x0000000000000001                . = ASSERT (((__nrf_balloc_start__ == __nrf_balloc_end__) || ((__nrf_balloc_end__ - __FLASH_segment_start__) <= __FLASH_segment_size__)), error: .nrf_balloc is too large to fit in FLASH memory segment)
                0x0000000000007754                __nrf_sections_load_start__ = ALIGN (__nrf_balloc_end__, 0x4)

.nrf_sections   0x0000000000007754        0x0
                0x0000000000007754                __nrf_sections_start__ = .
                0x0000000000007754                __start_nrf_sections = __nrf_sections_start__
 *(.nrf_sections .nrf_sections.*)
                0x0000000000007754                __nrf_sections_end__ = (__nrf_sections_start__ + SIZEOF (.nrf_sections))
                0x0000000000000000                __nrf_sections_size__ = SIZEOF (.nrf_sections)
                0x0000000000007754                __nrf_sections_load_end__ = __nrf_sections_end__
                0x0000000000000001                . = ASSERT (((__nrf_sections_start__ == __nrf_sections_end__) || ((__nrf_sections_end__ - __FLASH_segment_start__) <= __FLASH_segment_size__)), error: .nrf_sections is too large to fit in FLASH memory segment)
                0x0000000000007754                __log_dynamic_data_load_start__ = ALIGN (__nrf_sections_end__, 0x4)

.log_dynamic_data
                0x0000000020000000        0x0 load address 0x0000000000007754
                0x0000000020000000                __log_dynamic_data_start__ = .
 *(SORT_BY_NAME(.log_dynamic_data*))
                0x0000000020000000                __log_dynamic_data_end__ = (__log_dynamic_data_start__ + SIZEOF (.log_dynamic_data))
                0x0000000000000000                __log_dynamic_data_size__ = SIZEOF (.log_dynamic_data)
                0x0000000000007754                __log_dynamic_data_load_end__ = (__log_dynamic_data_load_start__ + SIZEOF (.log_dynamic_data))
                0x0000000000000001                . = ASSERT (((__log_dynamic_data_load_start__ == __log_dynamic_data_load_end__) || ((__log_dynamic_data_load_end__ - __FLASH_segment_start__) <= __FLASH_segment_size__)), error: .log_dynamic_data is too large to fit in FLASH memory segment)

.log_dynamic_data_run
                0x0000000020000000        0x0
                0x0000000020000000                __log_dynamic_data_run_start__ = .
                0x0000000020000000                __start_log_dynamic_data = __log_dynamic_data_run_start__
                0x0000000020000000                . = MAX ((__log_dynamic_data_run_start__ + SIZEOF (.log_dynamic_data)), .)
                0x0000000020000000                __log_dynamic_data_run_end__ = (__log_dynamic_data_run_start__ + SIZEOF (.log_dynamic_data_run))
                0x0000000000000000                __log_dynamic_data_run_size__ = SIZEOF (.log_dynamic_data_run)
                0x0000000020000000                __stop_log_dynamic_data = __log_dynamic_data_run_end__
                0x0000000020000000                __log_dynamic_data_run_load_end__ = __log_dynamic_data_run_end__
                0x0000000000000001                . = ASSERT (((__log_dynamic_data_run_start__ == __log_dynamic_data_run_end__) || ((__log_dynamic_data_run_end__ - __RAM_segment_start__) <= __RAM_segment_size__)), error: .log_dynamic_data_run is too large to fit in RAM memory segment)
                0x0000000000007754                __log_filter_data_load_start__ = ALIGN ((__log_dynamic_data_load_start__ + SIZEOF (.log_dynamic_data)), 0x4)

.log_filter_data
                0x0000000020000000        0x0 load address 0x0000000000007754
                0x0000000020000000                __log_filter_data_start__ = .
 *(SORT_BY_NAME(.log_filter_data*))
                0x0000000020000000                __log_filter_data_end__ = (__log_filter_data_start__ + SIZEOF (.log_filter_data))
                0x0000000000000000                __log_filter_data_size__ = SIZEOF (.log_filter_data)
                0x0000000000007754                __log_filter_data_load_end__ = (__log_filter_data_load_start__ + SIZEOF (.log_filter_data))
                0x0000000000000001                . = ASSERT (((__log_filter_data_load_start__ == __log_filter_data_load_end__) || ((__log_filter_data_load_end__ - __FLASH_segment_start__) <= __FLASH_segment_size__)), error: .log_filter_data is too large to fit in FLASH memory segment)

.log_filter_data_run
                0x0000000020000000        0x0
                0x0000000020000000                __log_filter_data_run_start__ = .
                0x0000000020000000                __start_log_filter_data = __log_filter_data_run_start__
                0x0000000020000000                . = MAX ((__log_filter_data_run_start__ + SIZEOF (.log_filter_data)), .)
                0x0000000020000000                __log_filter_data_run_end__ = (__log_filter_data_run_start__ + SIZEOF (.log_filter_data_run))
                0x0000000000000000                __log_filter_data_run_size__ = SIZEOF (.log_filter_data_run)
                0x0000000020000000                __stop_log_filter_data = __log_filter_data_run_end__
                0x0000000020000000                __log_filter_data_run_load_end__ = __log_filter_data_run_end__
                0x0000000000000001                . = ASSERT (((__log_filter_data_run_start__ == __log_filter_data_run_end__) || ((__log_filter_data_run_end__ - __RAM_segment_start__) <= __RAM_segment_size__)), error: .log_filter_data_run is too large to fit in RAM memory segment)
                0x0000000020000000                __nrf_sections_run_end_load_start__ = ALIGN (__log_filter_data_run_end__, 0x4)

.nrf_sections_run_end
                0x0000000020000000        0x0
                0x0000000020000000                __nrf_sections_run_end_start__ = .
                0x0000000020000000                __end_nrf_sections_run = __nrf_sections_run_end_start__
 *(.nrf_sections_run_end .nrf_sections_run_end.*)
                0x0000000020000000                __nrf_sections_run_end_end__ = (__nrf_sections_run_end_start__ + SIZEOF (.nrf_sections_run_end))
                0x0000000000000000                __nrf_sections_run_end_size__ = SIZEOF (.nrf_sections_run_end)
                0x0000000020000000                __nrf_sections_run_end_load_end__ = __nrf_sections_run_end_end__
                0x0000000000000001                . = ASSERT (((__nrf_sections_run_end_start__ == __nrf_sections_run_end_end__) || ((__nrf_sections_run_end_end__ - __RAM_segment_start__) <= __RAM_segment_size__)), error: .nrf_sections_run_end is too large to fit in RAM memory segment)
                0x0000000000007754                __dtors_load_start__ = ALIGN ((__log_filter_data_load_start__ + SIZEOF (.log_filter_data)), 0x4)

.dtors          0x0000000000007754        0x0
                0x0000000000007754                __dtors_start__ = .
 *(SORT_BY_NAME(.dtors.*))
 *(.dtors)
 *(.fini_array)
 *(SORT_BY_NAME(.fini_array.*))
                0x0000000000007754                __dtors_end__ = (__dtors_start__ + SIZEOF (.dtors))
                0x0000000000000000                __dtors_size__ = SIZEOF (.dtors)
                0x0000000000007754                __dtors_load_end__ = __dtors_end__
                0x0000000000000001                . = ASSERT (((__dtors_start__ == __dtors_end__) || ((__dtors_end__ - __FLASH_segment_start__) <= __FLASH_segment_size__)), error: .dtors is too large to fit in FLASH memory segment)
                0x0000000000007754                __ctors_load_start__ = ALIGN (__dtors_end__, 0x4)

.ctors          0x0000000000007754        0x0
                0x0000000000007754                __ctors_start__ = .
 *(SORT_BY_NAME(.ctors.*))
 *(.ctors)
 *(.init_array)
 *(SORT_BY_NAME(.init_array.*))
                0x0000000000007754                __ctors_end__ = (__ctors_start__ + SIZEOF (.ctors))
                0x0000000000000000                __ctors_size__ = SIZEOF (.ctors)
                0x0000000000007754                __ctors_load_end__ = __ctors_end__
                0x0000000000000001                . = ASSERT (((__ctors_start__ == __ctors_end__) || ((__ctors_end__ - __FLASH_segment_start__) <= __FLASH_segment_size__)), error: .ctors is too large to fit in FLASH memory segment)
                0x0000000000007754                __rodata_load_start__ = ALIGN (__ctors_end__, 0x4)

.rodata         0x0000000000007754     0x1086
                0x0000000000007754                __rodata_start__ = .
 *(.rodata .rodata.* .gnu.linkonce.r.*)
 .rodata.m_log_push_ringbuf
                0x0000000000007754        0xc Output/gpiote_pca10040 Debug/Obj/nrf_log_frontend.o
 .rodata        0x0000000000007760       0x65 Output/gpiote_pca10040 Debug/Obj/nrf_log_frontend.o
 *fill*         0x00000000000077c5        0x3 
 .rodata        0x00000000000077c8       0x66 Output/gpiote_pca10040 Debug/Obj/nrf_log_default_backends.o
 *fill*         0x000000000000782e        0x2 
 .rodata.nrf_log_backend_rtt_api
                0x0000000000007830        0xc Output/gpiote_pca10040 Debug/Obj/nrf_log_backend_rtt.o
                0x0000000000007830                nrf_log_backend_rtt_api
 *fill*         0x000000000000783c        0x4 
 .rodata.delay_machine_code.8217
                0x0000000000007840        0x6 Output/gpiote_pca10040 Debug/Obj/nrf_log_backend_rtt.o
 *fill*         0x0000000000007846        0x2 
 .rodata        0x0000000000007848       0xaa Output/gpiote_pca10040 Debug/Obj/nrf_log_str_formatter.o
 *fill*         0x00000000000078f2        0x2 
 .rodata        0x00000000000078f4       0x70 Output/gpiote_pca10040 Debug/Obj/app_error_weak.o
 .rodata        0x0000000000007964       0x4c Output/gpiote_pca10040 Debug/Obj/app_util_platform.o
 .rodata        0x00000000000079b0       0x47 Output/gpiote_pca10040 Debug/Obj/nrf_balloc.o
 *fill*         0x00000000000079f7        0x1 
 .rodata        0x00000000000079f8       0x3d Output/gpiote_pca10040 Debug/Obj/nrf_fprintf.o
 *fill*         0x0000000000007a35        0x3 
 .rodata        0x0000000000007a38       0x44 Output/gpiote_pca10040 Debug/Obj/nrf_fprintf_format.o
 .rodata._aV2C.7537
                0x0000000000007a7c       0x10 Output/gpiote_pca10040 Debug/Obj/nrf_fprintf_format.o
 .rodata        0x0000000000007a8c       0x47 Output/gpiote_pca10040 Debug/Obj/nrf_memobj.o
 *fill*         0x0000000000007ad3        0x1 
 .rodata.m_unknown_str
                0x0000000000007ad4       0x13 Output/gpiote_pca10040 Debug/Obj/nrf_strerror.o
 *fill*         0x0000000000007ae7        0x1 
 .rodata        0x0000000000007ae8      0x3bd Output/gpiote_pca10040 Debug/Obj/nrf_strerror.o
 *fill*         0x0000000000007ea5        0x3 
 .rodata.nrf_strerror_array
                0x0000000000007ea8      0x118 Output/gpiote_pca10040 Debug/Obj/nrf_strerror.o
 .rodata        0x0000000000007fc0       0xad Output/gpiote_pca10040 Debug/Obj/nrfx_gpiote.o
 *fill*         0x000000000000806d        0x3 
 .rodata        0x0000000000008070        0x4 Output/gpiote_pca10040 Debug/Obj/nrfx_ppi.o
 .rodata        0x0000000000008074       0xd6 Output/gpiote_pca10040 Debug/Obj/nrfx_pwm.o
 *fill*         0x000000000000814a        0x2 
 .rodata        0x000000000000814c       0xac Output/gpiote_pca10040 Debug/Obj/nrfx_saadc.o
 *fill*         0x00000000000081f8        0x8 
 .rodata.delay_machine_code.7943
                0x0000000000008200        0x6 Output/gpiote_pca10040 Debug/Obj/app_timer.o
 *fill*         0x0000000000008206        0x2 
 .rodata        0x0000000000008208       0x4e Output/gpiote_pca10040 Debug/Obj/nrf_drv_clock.o
 *fill*         0x0000000000008256        0x2 
 .rodata        0x0000000000008258       0xc0 Output/gpiote_pca10040 Debug/Obj/nrfx_rtc.o
 .rodata        0x0000000000008318       0x96 Output/gpiote_pca10040 Debug/Obj/nrfx_clock.o
 *fill*         0x00000000000083ae        0x2 
 .rodata        0x00000000000083b0       0xbe Output/gpiote_pca10040 Debug/Obj/nrfx_power.o
 *fill*         0x000000000000846e        0x2 
 .rodata.temp_timer_id
                0x0000000000008470        0x4 Output/gpiote_pca10040 Debug/Obj/main.o
 .rodata.saadc_timer_id
                0x0000000000008474        0x4 Output/gpiote_pca10040 Debug/Obj/main.o
 .rodata        0x0000000000008478      0x106 Output/gpiote_pca10040 Debug/Obj/main.o
 *fill*         0x000000000000857e        0x2 
 .rodata.default_config.10268
                0x0000000000008580        0x4 Output/gpiote_pca10040 Debug/Obj/main.o
 .rodata        0x0000000000008584       0x17 Output/gpiote_pca10040 Debug/Obj/SEGGER_RTT.o
 *fill*         0x000000000000859b        0x1 
 .rodata.libc.__RAL_find_locale.str1.4
                0x000000000000859c        0xa C:/Program Files/SEGGER/SEGGER Embedded Studio for ARM 4.50/lib/libc_v7em_fpv4_sp_d16_hard_t_le_eabi.a(libc2.o)
 *fill*         0x00000000000085a6        0x2 
 .rodata.libc.__RAL_ascii_ctype_map
                0x00000000000085a8       0x80 C:/Program Files/SEGGER/SEGGER Embedded Studio for ARM 4.50/lib/libc_v7em_fpv4_sp_d16_hard_t_le_eabi.a(libc2.o)
                0x00000000000085a8                __RAL_ascii_ctype_map
 .rodata.libc.__RAL_ascii_ctype_mask
                0x0000000000008628        0xd C:/Program Files/SEGGER/SEGGER Embedded Studio for ARM 4.50/lib/libc_v7em_fpv4_sp_d16_hard_t_le_eabi.a(libc2.o)
 *fill*         0x0000000000008635        0x3 
 .rodata.libc.__RAL_c_locale
                0x0000000000008638        0xc C:/Program Files/SEGGER/SEGGER Embedded Studio for ARM 4.50/lib/libc_v7em_fpv4_sp_d16_hard_t_le_eabi.a(libc2.o)
                0x0000000000008638                __RAL_c_locale
 .rodata.libc.__RAL_c_locale_abbrev_day_names
                0x0000000000008644       0x1d C:/Program Files/SEGGER/SEGGER Embedded Studio for ARM 4.50/lib/libc_v7em_fpv4_sp_d16_hard_t_le_eabi.a(libc2.o)
                0x0000000000008644                __RAL_c_locale_abbrev_day_names
 *fill*         0x0000000000008661        0x3 
 .rodata.libc.__RAL_c_locale_abbrev_month_names
                0x0000000000008664       0x31 C:/Program Files/SEGGER/SEGGER Embedded Studio for ARM 4.50/lib/libc_v7em_fpv4_sp_d16_hard_t_le_eabi.a(libc2.o)
                0x0000000000008664                __RAL_c_locale_abbrev_month_names
 *fill*         0x0000000000008695        0x3 
 .rodata.libc.__RAL_c_locale_am_pm_indicator
                0x0000000000008698        0x7 C:/Program Files/SEGGER/SEGGER Embedded Studio for ARM 4.50/lib/libc_v7em_fpv4_sp_d16_hard_t_le_eabi.a(libc2.o)
                0x0000000000008698                __RAL_c_locale_am_pm_indicator
 *fill*         0x000000000000869f        0x1 
 .rodata.libc.__RAL_c_locale_data
                0x00000000000086a0       0x58 C:/Program Files/SEGGER/SEGGER Embedded Studio for ARM 4.50/lib/libc_v7em_fpv4_sp_d16_hard_t_le_eabi.a(libc2.o)
                0x00000000000086a0                __RAL_c_locale_data
 .rodata.libc.__RAL_c_locale_date_format
                0x00000000000086f8        0x9 C:/Program Files/SEGGER/SEGGER Embedded Studio for ARM 4.50/lib/libc_v7em_fpv4_sp_d16_hard_t_le_eabi.a(libc2.o)
                0x00000000000086f8                __RAL_c_locale_date_format
 *fill*         0x0000000000008701        0x3 
 .rodata.libc.__RAL_c_locale_date_time_format
                0x0000000000008704        0xf C:/Program Files/SEGGER/SEGGER Embedded Studio for ARM 4.50/lib/libc_v7em_fpv4_sp_d16_hard_t_le_eabi.a(libc2.o)
                0x0000000000008704                __RAL_c_locale_date_time_format
 *fill*         0x0000000000008713        0x1 
 .rodata.libc.__RAL_c_locale_day_names
                0x0000000000008714       0x3a C:/Program Files/SEGGER/SEGGER Embedded Studio for ARM 4.50/lib/libc_v7em_fpv4_sp_d16_hard_t_le_eabi.a(libc2.o)
                0x0000000000008714                __RAL_c_locale_day_names
 *fill*         0x000000000000874e        0x2 
 .rodata.libc.__RAL_c_locale_month_names
                0x0000000000008750       0x57 C:/Program Files/SEGGER/SEGGER Embedded Studio for ARM 4.50/lib/libc_v7em_fpv4_sp_d16_hard_t_le_eabi.a(libc2.o)
                0x0000000000008750                __RAL_c_locale_month_names
 *fill*         0x00000000000087a7        0x1 
 .rodata.libc.__RAL_c_locale_time_format
                0x00000000000087a8        0x9 C:/Program Files/SEGGER/SEGGER Embedded Studio for ARM 4.50/lib/libc_v7em_fpv4_sp_d16_hard_t_le_eabi.a(libc2.o)
                0x00000000000087a8                __RAL_c_locale_time_format
 *fill*         0x00000000000087b1        0x3 
 .rodata.libc.__RAL_codeset_ascii
                0x00000000000087b4       0x20 C:/Program Files/SEGGER/SEGGER Embedded Studio for ARM 4.50/lib/libc_v7em_fpv4_sp_d16_hard_t_le_eabi.a(libc2.o)
                0x00000000000087b4                __RAL_codeset_ascii
 .rodata.libc.__RAL_data_empty_string
                0x00000000000087d4        0x1 C:/Program Files/SEGGER/SEGGER Embedded Studio for ARM 4.50/lib/libc_v7em_fpv4_sp_d16_hard_t_le_eabi.a(libc2.o)
                0x00000000000087d4                __RAL_data_empty_string
 *fill*         0x00000000000087d5        0x3 
 .rodata.libc.__RAL_data_utf8_period
                0x00000000000087d8        0x2 C:/Program Files/SEGGER/SEGGER Embedded Studio for ARM 4.50/lib/libc_v7em_fpv4_sp_d16_hard_t_le_eabi.a(libc2.o)
                0x00000000000087d8                __RAL_data_utf8_period
                0x00000000000087da                __rodata_end__ = (__rodata_start__ + SIZEOF (.rodata))
                0x0000000000001086                __rodata_size__ = SIZEOF (.rodata)
                0x00000000000087da                __rodata_load_end__ = __rodata_end__

.rel.dyn        0x00000000000087dc        0x0
 .rel.iplt      0x00000000000087dc        0x0 Output/gpiote_pca10040 Debug/Obj/thumb_crt0.o
                0x0000000000000001                . = ASSERT (((__rodata_start__ == __rodata_end__) || ((__rodata_end__ - __FLASH_segment_start__) <= __FLASH_segment_size__)), error: .rodata is too large to fit in FLASH memory segment)
                0x00000000000087dc                __ARM.exidx_load_start__ = ALIGN (__rodata_end__, 0x4)

.ARM.exidx      0x00000000000087dc        0x0
                0x00000000000087dc                __ARM.exidx_start__ = .
                0x00000000000087dc                __exidx_start = __ARM.exidx_start__
 *(.ARM.exidx .ARM.exidx.*)
                0x00000000000087dc                __ARM.exidx_end__ = (__ARM.exidx_start__ + SIZEOF (.ARM.exidx))
                0x0000000000000000                __ARM.exidx_size__ = SIZEOF (.ARM.exidx)
                0x00000000000087dc                __exidx_end = __ARM.exidx_end__
                0x00000000000087dc                __ARM.exidx_load_end__ = __ARM.exidx_end__
                0x0000000000000001                . = ASSERT (((__ARM.exidx_start__ == __ARM.exidx_end__) || ((__ARM.exidx_end__ - __FLASH_segment_start__) <= __FLASH_segment_size__)), error: .ARM.exidx is too large to fit in FLASH memory segment)
                0x00000000000087dc                __fast_load_start__ = ALIGN (__ARM.exidx_end__, 0x4)

.fast           0x0000000020000000        0x0 load address 0x00000000000087dc
                0x0000000020000000                __fast_start__ = .
 *(.fast .fast.*)
                0x0000000020000000                __fast_end__ = (__fast_start__ + SIZEOF (.fast))
                0x0000000000000000                __fast_size__ = SIZEOF (.fast)
                0x00000000000087dc                __fast_load_end__ = (__fast_load_start__ + SIZEOF (.fast))
                0x0000000000000001                . = ASSERT (((__fast_load_start__ == __fast_load_end__) || ((__fast_load_end__ - __FLASH_segment_start__) <= __FLASH_segment_size__)), error: .fast is too large to fit in FLASH memory segment)

.fast_run       0x0000000020000000        0x0
                0x0000000020000000                __fast_run_start__ = .
                0x0000000020000000                . = MAX ((__fast_run_start__ + SIZEOF (.fast)), .)
                0x0000000020000000                __fast_run_end__ = (__fast_run_start__ + SIZEOF (.fast_run))
                0x0000000000000000                __fast_run_size__ = SIZEOF (.fast_run)
                0x0000000020000000                __fast_run_load_end__ = __fast_run_end__
                0x0000000000000001                . = ASSERT (((__fast_run_start__ == __fast_run_end__) || ((__fast_run_end__ - __RAM_segment_start__) <= __RAM_segment_size__)), error: .fast_run is too large to fit in RAM memory segment)
                0x00000000000087dc                __data_load_start__ = ALIGN ((__fast_load_start__ + SIZEOF (.fast)), 0x4)

.data           0x0000000020000000       0x80 load address 0x00000000000087dc
                0x0000000020000000                __data_start__ = .
 *(.data .data.* .gnu.linkonce.d.*)
 .data.log_backend_cb_rtt_log_backend
                0x0000000020000000        0x8 Output/gpiote_pca10040 Debug/Obj/nrf_log_default_backends.o
 .data.severity_names
                0x0000000020000008       0x14 Output/gpiote_pca10040 Debug/Obj/nrf_log_str_formatter.o
 .data.m_colors
                0x000000002000001c       0x24 Output/gpiote_pca10040 Debug/Obj/nrf_log_str_formatter.o
 .data.m_pwm0   0x0000000020000040        0x8 Output/gpiote_pca10040 Debug/Obj/main.o
 .data.b_period
                0x0000000020000048        0xc Output/gpiote_pca10040 Debug/Obj/main.o
                0x0000000020000048                b_period
 .data.timer    0x0000000020000054        0x8 Output/gpiote_pca10040 Debug/Obj/main.o
 .data.seq_values.11169
                0x000000002000005c        0xa Output/gpiote_pca10040 Debug/Obj/main.o
 *fill*         0x0000000020000066        0x2 
 .data.SystemCoreClock
                0x0000000020000068        0x4 Output/gpiote_pca10040 Debug/Obj/system_nrf52.o
                0x0000000020000068                SystemCoreClock
 .data.libc.__RAL_global_locale
                0x000000002000006c       0x14 C:/Program Files/SEGGER/SEGGER Embedded Studio for ARM 4.50/lib/libc_v7em_fpv4_sp_d16_hard_t_le_eabi.a(libc2.o)
                0x000000002000006c                __RAL_global_locale
                0x0000000020000080                __data_end__ = (__data_start__ + SIZEOF (.data))
                0x0000000000000080                __data_size__ = SIZEOF (.data)
                0x000000000000885c                __data_load_end__ = (__data_load_start__ + SIZEOF (.data))

.igot.plt       0x0000000100000000        0x0
 .igot.plt      0x0000000100000000        0x0 Output/gpiote_pca10040 Debug/Obj/thumb_crt0.o
                0x0000000000000001                . = ASSERT (((__data_load_start__ == __data_load_end__) || ((__data_load_end__ - __FLASH_segment_start__) <= __FLASH_segment_size__)), error: .data is too large to fit in FLASH memory segment)

.data_run       0x0000000020000000       0x80 load address 0x00000000000087dc
                0x0000000020000000                __data_run_start__ = .
                0x0000000020000080                . = MAX ((__data_run_start__ + SIZEOF (.data)), .)
 *fill*         0x0000000020000000       0x80 
                0x0000000020000080                __data_run_end__ = (__data_run_start__ + SIZEOF (.data_run))
                0x0000000000000080                __data_run_size__ = SIZEOF (.data_run)
                0x0000000020000080                __data_run_load_end__ = __data_run_end__
                0x0000000000000001                . = ASSERT (((__data_run_start__ == __data_run_end__) || ((__data_run_end__ - __RAM_segment_start__) <= __RAM_segment_size__)), error: .data_run is too large to fit in RAM memory segment)
                0x000000000000885c                __tdata_load_start__ = ALIGN ((__data_load_start__ + SIZEOF (.data)), 0x4)

.tdata          0x0000000020000080        0x0 load address 0x000000000000885c
                0x0000000020000080                __tdata_start__ = .
 *(.tdata .tdata.*)
                0x0000000020000080                __tdata_end__ = (__tdata_start__ + SIZEOF (.tdata))
                0x0000000000000000                __tdata_size__ = SIZEOF (.tdata)
                0x000000000000885c                __tdata_load_end__ = (__tdata_load_start__ + SIZEOF (.tdata))
                0x000000000000885c                __FLASH_segment_used_end__ = (ALIGN ((__data_load_start__ + SIZEOF (.data)), 0x4) + SIZEOF (.tdata))
                0x000000000000885c                __FLASH_segment_used_size__ = (__FLASH_segment_used_end__ - __FLASH_segment_start__)
                0x0000000000000001                . = ASSERT (((__tdata_load_start__ == __tdata_load_end__) || ((__tdata_load_end__ - __FLASH_segment_start__) <= __FLASH_segment_size__)), error: .tdata is too large to fit in FLASH memory segment)

.tdata_run      0x0000000020000080        0x0
                0x0000000020000080                __tdata_run_start__ = .
                0x0000000020000080                . = MAX ((__tdata_run_start__ + SIZEOF (.tdata)), .)
                0x0000000020000080                __tdata_run_end__ = (__tdata_run_start__ + SIZEOF (.tdata_run))
                0x0000000000000000                __tdata_run_size__ = SIZEOF (.tdata_run)
                0x0000000020000080                __tdata_run_load_end__ = __tdata_run_end__
                0x0000000000000001                . = ASSERT (((__tdata_run_start__ == __tdata_run_end__) || ((__tdata_run_end__ - __RAM_segment_start__) <= __RAM_segment_size__)), error: .tdata_run is too large to fit in RAM memory segment)
                0x0000000020000080                __bss_load_start__ = ALIGN (__tdata_run_end__, 0x4)

.bss            0x0000000020000080      0xab8
                0x0000000020000080                __bss_start__ = .
 *(.bss .bss.* .gnu.linkonce.b.*)
 .bss.log_mempool_nrf_balloc_pool_stack
                0x0000000020000080        0x8 Output/gpiote_pca10040 Debug/Obj/nrf_log_frontend.o
 .bss.log_mempool_nrf_balloc_pool_mem
                0x0000000020000088       0xc0 Output/gpiote_pca10040 Debug/Obj/nrf_log_frontend.o
 .bss.log_mempool_nrf_balloc_cb
                0x0000000020000148        0x8 Output/gpiote_pca10040 Debug/Obj/nrf_log_frontend.o
 .bss.m_log_push_ringbuf_buf
                0x0000000020000150       0x80 Output/gpiote_pca10040 Debug/Obj/nrf_log_frontend.o
 .bss.m_log_push_ringbuf_cb
                0x00000000200001d0       0x18 Output/gpiote_pca10040 Debug/Obj/nrf_log_frontend.o
 .bss.m_log_data
                0x00000000200001e8      0x424 Output/gpiote_pca10040 Debug/Obj/nrf_log_frontend.o
 .bss.m_host_present
                0x000000002000060c        0x1 Output/gpiote_pca10040 Debug/Obj/nrf_log_backend_rtt.o
 *fill*         0x000000002000060d        0x3 
 .bss.m_string_buff
                0x0000000020000610       0x40 Output/gpiote_pca10040 Debug/Obj/nrf_log_backend_rtt.o
 .bss.m_error_data.7462
                0x0000000020000650       0x20 Output/gpiote_pca10040 Debug/Obj/app_error.o
 .bss.m_in_critical_region
                0x0000000020000670        0x4 Output/gpiote_pca10040 Debug/Obj/app_util_platform.o
 .bss.m_drv_state
                0x0000000020000674        0x1 Output/gpiote_pca10040 Debug/Obj/nrf_drv_ppi.o
 *fill*         0x0000000020000675        0x3 
 .bss.m_cb      0x0000000020000678       0x4c Output/gpiote_pca10040 Debug/Obj/nrfx_gpiote.o
 .bss.m_channels_allocated
                0x00000000200006c4        0x4 Output/gpiote_pca10040 Debug/Obj/nrfx_ppi.o
 .bss.m_cb      0x00000000200006c8       0x18 Output/gpiote_pca10040 Debug/Obj/nrfx_pwm.o
 .bss.m_cb      0x00000000200006e0       0x30 Output/gpiote_pca10040 Debug/Obj/nrfx_saadc.o
 .bss.m_op_queue
                0x0000000020000710      0x10c Output/gpiote_pca10040 Debug/Obj/app_timer.o
 .bss.mp_timer_id_head
                0x000000002000081c        0x4 Output/gpiote_pca10040 Debug/Obj/app_timer.o
 .bss.m_ticks_latest
                0x0000000020000820        0x4 Output/gpiote_pca10040 Debug/Obj/app_timer.o
 .bss.m_ticks_elapsed
                0x0000000020000824        0x8 Output/gpiote_pca10040 Debug/Obj/app_timer.o
 .bss.m_ticks_elapsed_q_read_ind
                0x000000002000082c        0x1 Output/gpiote_pca10040 Debug/Obj/app_timer.o
 .bss.m_ticks_elapsed_q_write_ind
                0x000000002000082d        0x1 Output/gpiote_pca10040 Debug/Obj/app_timer.o
 .bss.m_rtc1_running
                0x000000002000082e        0x1 Output/gpiote_pca10040 Debug/Obj/app_timer.o
 .bss.m_rtc1_reset
                0x000000002000082f        0x1 Output/gpiote_pca10040 Debug/Obj/app_timer.o
 .bss.m_clock_cb
                0x0000000020000830       0x14 Output/gpiote_pca10040 Debug/Obj/nrf_drv_clock.o
 .bss.m_handlers
                0x0000000020000844        0x4 Output/gpiote_pca10040 Debug/Obj/nrfx_rtc.o
 .bss.m_cb      0x0000000020000848        0x3 Output/gpiote_pca10040 Debug/Obj/nrfx_rtc.o
 *fill*         0x000000002000084b        0x1 
 .bss.m_clock_cb
                0x000000002000084c        0x8 Output/gpiote_pca10040 Debug/Obj/nrfx_clock.o
 .bss.nrfx_clock_irq_enabled
                0x0000000020000854        0x1 Output/gpiote_pca10040 Debug/Obj/nrfx_clock.o
                0x0000000020000854                nrfx_clock_irq_enabled
 *fill*         0x0000000020000855        0x3 
 .bss.m_pofwarn_handler
                0x0000000020000858        0x4 Output/gpiote_pca10040 Debug/Obj/nrfx_power.o
 .bss.m_sleepevt_handler
                0x000000002000085c        0x4 Output/gpiote_pca10040 Debug/Obj/nrfx_power.o